Archive member included to satisfy reference by file (symbol)

c:/program files (x86)/atollic/truestudio for arm 8.1.0/armtools/bin/../lib/gcc/arm-atollic-eabi/6.3.1/../../../../arm-atollic-eabi/lib/armv7-m\libc_nano.a(lib_a-init.o)
                              src\startup_stm32f10x_md.o (__libc_init_array)

Allocating common symbols
Common symbol       size              file

RTC_Driver_Interrupt_Callback
                    0x4               STM32F103C8T6\DRIVERS\RTC_DRIVER\RTC_Driver.o
TestPayload         0x10              src\main.o
TestRxPayload       0x10              src\main.o

Discarded input sections

 .text          0x00000000        0x0 c:/program files (x86)/atollic/truestudio for arm 8.1.0/armtools/bin/../lib/gcc/arm-atollic-eabi/6.3.1/armv7-m/crti.o
 .data          0x00000000        0x0 c:/program files (x86)/atollic/truestudio for arm 8.1.0/armtools/bin/../lib/gcc/arm-atollic-eabi/6.3.1/armv7-m/crti.o
 .bss           0x00000000        0x0 c:/program files (x86)/atollic/truestudio for arm 8.1.0/armtools/bin/../lib/gcc/arm-atollic-eabi/6.3.1/armv7-m/crti.o
 .data          0x00000000        0x4 c:/program files (x86)/atollic/truestudio for arm 8.1.0/armtools/bin/../lib/gcc/arm-atollic-eabi/6.3.1/armv7-m/crtbegin.o
 .text          0x00000000        0x0 Libraries\STM32F10x_StdPeriph_Driver\src\misc.o
 .data          0x00000000        0x0 Libraries\STM32F10x_StdPeriph_Driver\src\misc.o
 .bss           0x00000000        0x0 Libraries\STM32F10x_StdPeriph_Driver\src\misc.o
 .text.NVIC_PriorityGroupConfig
                0x00000000       0x24 Libraries\STM32F10x_StdPeriph_Driver\src\misc.o
 .text.NVIC_Init
                0x00000000       0xc4 Libraries\STM32F10x_StdPeriph_Driver\src\misc.o
 .text.NVIC_SetVectorTable
                0x00000000       0x2c Libraries\STM32F10x_StdPeriph_Driver\src\misc.o
 .text.NVIC_SystemLPConfig
                0x00000000       0x40 Libraries\STM32F10x_StdPeriph_Driver\src\misc.o
 .text.SysTick_CLKSourceConfig
                0x00000000       0x38 Libraries\STM32F10x_StdPeriph_Driver\src\misc.o
 .debug_info    0x00000000      0x54d Libraries\STM32F10x_StdPeriph_Driver\src\misc.o
 .debug_abbrev  0x00000000      0x172 Libraries\STM32F10x_StdPeriph_Driver\src\misc.o
 .debug_aranges
                0x00000000       0x40 Libraries\STM32F10x_StdPeriph_Driver\src\misc.o
 .debug_ranges  0x00000000       0x30 Libraries\STM32F10x_StdPeriph_Driver\src\misc.o
 .debug_line    0x00000000      0x258 Libraries\STM32F10x_StdPeriph_Driver\src\misc.o
 .debug_str     0x00000000      0x44b Libraries\STM32F10x_StdPeriph_Driver\src\misc.o
 .comment       0x00000000       0x7d Libraries\STM32F10x_StdPeriph_Driver\src\misc.o
 .debug_frame   0x00000000       0xd8 Libraries\STM32F10x_StdPeriph_Driver\src\misc.o
 .ARM.attributes
                0x00000000       0x33 Libraries\STM32F10x_StdPeriph_Driver\src\misc.o
 .text          0x00000000        0x0 Libraries\STM32F10x_StdPeriph_Driver\src\stm32f10x_adc.o
 .data          0x00000000        0x0 Libraries\STM32F10x_StdPeriph_Driver\src\stm32f10x_adc.o
 .bss           0x00000000        0x0 Libraries\STM32F10x_StdPeriph_Driver\src\stm32f10x_adc.o
 .text.ADC_DeInit
                0x00000000       0x74 Libraries\STM32F10x_StdPeriph_Driver\src\stm32f10x_adc.o
 .text.ADC_Init
                0x00000000       0xa4 Libraries\STM32F10x_StdPeriph_Driver\src\stm32f10x_adc.o
 .text.ADC_StructInit
                0x00000000       0x36 Libraries\STM32F10x_StdPeriph_Driver\src\stm32f10x_adc.o
 .text.ADC_Cmd  0x00000000       0x36 Libraries\STM32F10x_StdPeriph_Driver\src\stm32f10x_adc.o
 .text.ADC_DMACmd
                0x00000000       0x36 Libraries\STM32F10x_StdPeriph_Driver\src\stm32f10x_adc.o
 .text.ADC_ITConfig
                0x00000000       0x44 Libraries\STM32F10x_StdPeriph_Driver\src\stm32f10x_adc.o
 .text.ADC_ResetCalibration
                0x00000000       0x1e Libraries\STM32F10x_StdPeriph_Driver\src\stm32f10x_adc.o
 .text.ADC_GetResetCalibrationStatus
                0x00000000       0x2e Libraries\STM32F10x_StdPeriph_Driver\src\stm32f10x_adc.o
 .text.ADC_StartCalibration
                0x00000000       0x1e Libraries\STM32F10x_StdPeriph_Driver\src\stm32f10x_adc.o
 .text.ADC_GetCalibrationStatus
                0x00000000       0x2e Libraries\STM32F10x_StdPeriph_Driver\src\stm32f10x_adc.o
 .text.ADC_SoftwareStartConvCmd
                0x00000000       0x36 Libraries\STM32F10x_StdPeriph_Driver\src\stm32f10x_adc.o
 .text.ADC_GetSoftwareStartConvStatus
                0x00000000       0x2e Libraries\STM32F10x_StdPeriph_Driver\src\stm32f10x_adc.o
 .text.ADC_DiscModeChannelCountConfig
                0x00000000       0x42 Libraries\STM32F10x_StdPeriph_Driver\src\stm32f10x_adc.o
 .text.ADC_DiscModeCmd
                0x00000000       0x36 Libraries\STM32F10x_StdPeriph_Driver\src\stm32f10x_adc.o
 .text.ADC_RegularChannelConfig
                0x00000000      0x192 Libraries\STM32F10x_StdPeriph_Driver\src\stm32f10x_adc.o
 .text.ADC_ExternalTrigConvCmd
[...]
Memory Configuration

Name             Origin             Length             Attributes
FLASH            0x08000000         0x00010000         xr
RAM              0x20000000         0x00005000         xrw
MEMORY_B1        0x60000000         0x00000000         xr
*default*        0x00000000         0xffffffff

Linker script and memory map

LOAD c:/program files (x86)/atollic/truestudio for arm 8.1.0/armtools/bin/../lib/gcc/arm-atollic-eabi/6.3.1/armv7-m/crti.o
LOAD c:/program files (x86)/atollic/truestudio for arm 8.1.0/armtools/bin/../lib/gcc/arm-atollic-eabi/6.3.1/armv7-m/crtbegin.o
LOAD Libraries\STM32F10x_StdPeriph_Driver\src\misc.o
LOAD Libraries\STM32F10x_StdPeriph_Driver\src\stm32f10x_adc.o
LOAD Libraries\STM32F10x_StdPeriph_Driver\src\stm32f10x_bkp.o
LOAD Libraries\STM32F10x_StdPeriph_Driver\src\stm32f10x_can.o
LOAD Libraries\STM32F10x_StdPeriph_Driver\src\stm32f10x_cec.o
LOAD Libraries\STM32F10x_StdPeriph_Driver\src\stm32f10x_crc.o
LOAD Libraries\STM32F10x_StdPeriph_Driver\src\stm32f10x_dac.o
LOAD Libraries\STM32F10x_StdPeriph_Driver\src\stm32f10x_dbgmcu.o
LOAD Libraries\STM32F10x_StdPeriph_Driver\src\stm32f10x_dma.o
LOAD Libraries\STM32F10x_StdPeriph_Driver\src\stm32f10x_exti.o
LOAD Libraries\STM32F10x_StdPeriph_Driver\src\stm32f10x_flash.o
LOAD Libraries\STM32F10x_StdPeriph_Driver\src\stm32f10x_fsmc.o
LOAD Libraries\STM32F10x_StdPeriph_Driver\src\stm32f10x_gpio.o
LOAD Libraries\STM32F10x_StdPeriph_Driver\src\stm32f10x_i2c.o
LOAD Libraries\STM32F10x_StdPeriph_Driver\src\stm32f10x_iwdg.o
LOAD Libraries\STM32F10x_StdPeriph_Driver\src\stm32f10x_pwr.o
LOAD Libraries\STM32F10x_StdPeriph_Driver\src\stm32f10x_rcc.o
LOAD Libraries\STM32F10x_StdPeriph_Driver\src\stm32f10x_rtc.o
LOAD Libraries\STM32F10x_StdPeriph_Driver\src\stm32f10x_sdio.o
LOAD Libraries\STM32F10x_StdPeriph_Driver\src\stm32f10x_spi.o
LOAD Libraries\STM32F10x_StdPeriph_Driver\src\stm32f10x_tim.o
LOAD Libraries\STM32F10x_StdPeriph_Driver\src\stm32f10x_usart.o
LOAD Libraries\STM32F10x_StdPeriph_Driver\src\stm32f10x_wwdg.o
LOAD STM32F103C8T6\DRIVERS\ADC_DRIVER\ADC_Driver.o
LOAD STM32F103C8T6\DRIVERS\ADC_DRIVER\ADC_Driver_Cfg.o
LOAD STM32F103C8T6\DRIVERS\CAN_DRIVER\CAN_Driver.o
LOAD STM32F103C8T6\DRIVERS\DMA_DRIVER\DMA_Driver.o
LOAD STM32F103C8T6\DRIVERS\DMA_DRIVER\DMA_Driver_Cfg.o
LOAD STM32F103C8T6\DRIVERS\DRIVERS.o
LOAD STM32F103C8T6\DRIVERS\EXTI_DRIVER\EXTI_Driver.o
LOAD STM32F103C8T6\DRIVERS\FLASH_DRIVER\FLASH_Driver.o
LOAD STM32F103C8T6\DRIVERS\GPIO_DRIVER\GPIO_Driver.o
LOAD STM32F103C8T6\DRIVERS\GPIO_DRIVER\GPIO_Driver_Cfg.o
LOAD STM32F103C8T6\DRIVERS\HWCRC_DRIVER\HWCRC_Driver.o
LOAD STM32F103C8T6\DRIVERS\HWENCODER_DRIVER\HWENCODER_Driver.o
LOAD STM32F103C8T6\DRIVERS\LIN_DRIVER\Lin_Driver.o
LOAD STM32F103C8T6\DRIVERS\LIN_DRIVER\Lin_Driver_Cfg.o
LOAD STM32F103C8T6\DRIVERS\NVIC_DRIVER\NVIC_Driver.o
LOAD STM32F103C8T6\DRIVERS\PWM_DRIVER\PWM_Driver.o
LOAD STM32F103C8T6\DRIVERS\PWM_DRIVER\PWM_Driver_Cfg.o
LOAD STM32F103C8T6\DRIVERS\RTC_DRIVER\RTC_Driver.o
LOAD STM32F103C8T6\DRIVERS\RTC_DRIVER\RTC_Driver_Cfg.o
LOAD STM32F103C8T6\DRIVERS\SPI_DRIVER\SPI_Driver.o
LOAD STM32F103C8T6\DRIVERS\SPI_DRIVER\SPI_Driver_Cfg.o
LOAD STM32F103C8T6\DRIVERS\SYSTEM_DRIVER\SYSTEM_Driver.o
LOAD STM32F103C8T6\DRIVERS\SYSTICK_DRIVER\SYSTICK_Driver.o
LOAD STM32F103C8T6\DRIVERS\TIM_DRIVER\TCNT_Driver.o
LOAD STM32F103C8T6\DRIVERS\TIM_DRIVER\TCNT_Driver_Cfg.o
LOAD STM32F103C8T6\DRIVERS\TWI_DRIVER\TWI_Driver.o
LOAD STM32F103C8T6\DRIVERS\TWI_DRIVER\TWI_Driver_Cfg.o
LOAD STM32F103C8T6\DRIVERS\USART_DRIVER\USART_Driver.o
LOAD STM32F103C8T6\DRIVERS\USART_DRIVER\USART_Driver_Cfg.o
LOAD STM32F103C8T6\DRIVERS\WDG_DRIVER\WWDT_Driver.o
LOAD STM32F103C8T6\MODULES\HARDWARE_MODULES\BUTTON_MODULE\BUTTON_Module.o
LOAD STM32F103C8T6\MODULES\HARDWARE_MODULES\BUTTON_MODULE\BUTTON_Module_Cfg.o
LOAD STM32F103C8T6\MODULES\HARDWARE_MODULES\BUTTON_MODULE\JOYSTICK_MODULE\JOYSTICK_Module.o
LOAD STM32F103C8T6\MODULES\HARDWARE_MODULES\BUTTON_MODULE\JOYSTICK_MODULE\JOYSTICK_Module_Cfg.o
LOAD STM32F103C8T6\MODULES\HARDWARE_MODULES\DISPLAY_MODULE\NOKIA_5110_DISPLAY_MODULE\NOKIA_5110_LCD_Driver.o
LOAD STM32F103C8T6\MODULES\HARDWARE_MODULES\LED_MODULE\LED_Module.o
LOAD STM32F103C8T6\MODULES\HARDWARE_MODULES\LED_MODULE\LED_Module_Cfg.o
LOAD STM32F103C8T6\MODULES\HARDWARE_MODULES\LED_MODULE\LEVEL_INDICATOR_MODULE\LEVEL_INDICATOR_Module.o
LOAD STM32F103C8T6\MODULES\HARDWARE_MODULES\LED_MODULE\LEVEL_INDICATOR_MODULE\LEVEL_INDICATOR_Module_Cfg.o
LOAD STM32F103C8T6\MODULES\HARDWARE_MODULES\LED_MODULE\SEVEN_SEGMENT_MODULE\SEVEN_SEGMENT_Module.o
LOAD STM32F103C8T6\MODULES\HARDWARE_MODULES\LED_MODULE\SEVEN_SEGMENT_MODULE\SEVEN_SEGMENT_Module_Cfg.o
LOAD STM32F103C8T6\MODULES\HARDWARE_MODULES\RADIO_MODULE\RFID_MODULE\RFID_Module.o
LOAD STM32F103C8T6\MODULES\HARDWARE_MODULES\SHIFT_REGISTER_MODULE\SHIFT_REGISTER_Module.o
LOAD STM32F103C8T6\MODULES\HARDWARE_MODULES\SHIFT_REGISTER_MODULE\SHIFT_REGISTER_Module_Cfg.o
LOAD src\main.o
LOAD src\startup_stm32f10x_md.o
LOAD src\system_stm32f10x.o
                0x00000080                malloc_getpagesize_P = 0x80
START GROUP
LOAD c:/program files (x86)/atollic/truestudio for arm 8.1.0/armtools/bin/../lib/gcc/arm-atollic-eabi/6.3.1/../../../../arm-atollic-eabi/lib/armv7-m\libc_nano.a
LOAD c:/program files (x86)/atollic/truestudio for arm 8.1.0/armtools/bin/../lib/gcc/arm-atollic-eabi/6.3.1/../../../../arm-atollic-eabi/lib/armv7-m\libm.a
END GROUP
START GROUP
LOAD c:/program files (x86)/atollic/truestudio for arm 8.1.0/armtools/bin/../lib/gcc/arm-atollic-eabi/6.3.1/armv7-m\libgcc.a
LOAD c:/program files (x86)/atollic/truestudio for arm 8.1.0/armtools/bin/../lib/gcc/arm-atollic-eabi/6.3.1/../../../../arm-atollic-eabi/lib/armv7-m\libc_nano.a
END GROUP
START GROUP
LOAD c:/program files (x86)/atollic/truestudio for arm 8.1.0/armtools/bin/../lib/gcc/arm-atollic-eabi/6.3.1/armv7-m\libgcc.a
LOAD c:/program files (x86)/atollic/truestudio for arm 8.1.0/armtools/bin/../lib/gcc/arm-atollic-eabi/6.3.1/../../../../arm-atollic-eabi/lib/armv7-m\libc_nano.a
LOAD c:/program files (x86)/atollic/truestudio for arm 8.1.0/armtools/bin/../lib/gcc/arm-atollic-eabi/6.3.1/../../../../arm-atollic-eabi/lib/armv7-m\libnosys.a
END GROUP
START GROUP
LOAD c:/program files (x86)/atollic/truestudio for arm 8.1.0/armtools/bin/../lib/gcc/arm-atollic-eabi/6.3.1/armv7-m\libgcc.a
LOAD c:/program files (x86)/atollic/truestudio for arm 8.1.0/armtools/bin/../lib/gcc/arm-atollic-eabi/6.3.1/../../../../arm-atollic-eabi/lib/armv7-m\libc_nano.a
LOAD c:/program files (x86)/atollic/truestudio for arm 8.1.0/armtools/bin/../lib/gcc/arm-atollic-eabi/6.3.1/../../../../arm-atollic-eabi/lib/armv7-m\libnosys.a
END GROUP
LOAD c:/program files (x86)/atollic/truestudio for arm 8.1.0/armtools/bin/../lib/gcc/arm-atollic-eabi/6.3.1/armv7-m/crtend.o
LOAD c:/program files (x86)/atollic/truestudio for arm 8.1.0/armtools/bin/../lib/gcc/arm-atollic-eabi/6.3.1/armv7-m/crtn.o
                0x20005000                _estack = 0x20005000
                0x00000000                _Min_Heap_Size = 0x0
                0x00000100                _Min_Stack_Size = 0x100

.isr_vector     0x08000000      0x10c
                0x08000000                . = ALIGN (0x4)
 *(.isr_vector)
 .isr_vector    0x08000000      0x10c src\startup_stm32f10x_md.o
                0x08000000                g_pfnVectors
                0x0800010c                . = ALIGN (0x4)

.text           0x0800010c      0xe7c
                0x0800010c                . = ALIGN (0x4)
 *(.text)
 .text          0x0800010c       0x40 c:/program files (x86)/atollic/truestudio for arm 8.1.0/armtools/bin/../lib/gcc/arm-atollic-eabi/6.3.1/armv7-m/crtbegin.o
 *(.text*)
 .text.CAN_Driver_DebugFreeze
                0x0800014c       0x40 STM32F103C8T6\DRIVERS\CAN_DRIVER\CAN_Driver.o
                0x0800014c                CAN_Driver_DebugFreeze
 .text.CAN_Driver_Enter_NormalMode
                0x0800018c       0x2c STM32F103C8T6\DRIVERS\CAN_DRIVER\CAN_Driver.o
                0x0800018c                CAN_Driver_Enter_NormalMode
 .text.CAN_Driver_Enter_SleepMode
                0x080001b8       0x44 STM32F103C8T6\DRIVERS\CAN_DRIVER\CAN_Driver.o
                0x080001b8                CAN_Driver_Enter_SleepMode
 .text.CAN_Driver_Init
                0x080001fc       0xb0 STM32F103C8T6\DRIVERS\CAN_DRIVER\CAN_Driver.o
                0x080001fc                CAN_Driver_Init
 .text.CAN_Driver_InitBuffer
                0x080002ac       0x32 STM32F103C8T6\DRIVERS\CAN_DRIVER\CAN_Driver.o
                0x080002ac                CAN_Driver_InitBuffer
 .text.CAN_Driver_SetBuffer
                0x080002de       0x48 STM32F103C8T6\DRIVERS\CAN_DRIVER\CAN_Driver.o
                0x080002de                CAN_Driver_SetBuffer
 *fill*         0x08000326        0x2 
 .text.CAN_Driver_Enter_InitMode
                0x08000328       0x44 STM32F103C8T6\DRIVERS\CAN_DRIVER\CAN_Driver.o
                0x08000328                CAN_Driver_Enter_InitMode
 .text.CAN_Driver_ModeChange
                0x0800036c       0x20 STM32F103C8T6\DRIVERS\CAN_DRIVER\CAN_Driver.o
                0x0800036c                CAN_Driver_ModeChange
 .text.CAN_Driver_ReceiveMessage
                0x0800038c      0x12c STM32F103C8T6\DRIVERS\CAN_DRIVER\CAN_Driver.o
                0x0800038c                CAN_Driver_ReceiveMessage
 .text.CAN_Driver_SendMessage
                0x080004b8      0x17c STM32F103C8T6\DRIVERS\CAN_DRIVER\CAN_Driver.o
                0x080004b8                CAN_Driver_SendMessage
 .text.CAN_Driver_SetFilter
                0x08000634       0xf8 STM32F103C8T6\DRIVERS\CAN_DRIVER\CAN_Driver.o
                0x08000634                CAN_Driver_SetFilter
 .text.CAN_Driver_SetTestMode
                0x0800072c       0x28 STM32F103C8T6\DRIVERS\CAN_DRIVER\CAN_Driver.o
                0x0800072c                CAN_Driver_SetTestMode
 .text.CAN_Driver_Start
                0x08000754       0x14 STM32F103C8T6\DRIVERS\CAN_DRIVER\CAN_Driver.o
                0x08000754                CAN_Driver_Start
 .text.CAN_Driver_Release_Rx_MailBox
                0x08000768       0x38 STM32F103C8T6\DRIVERS\CAN_DRIVER\CAN_Driver.o
                0x08000768                CAN_Driver_Release_Rx_MailBox
 .text.CAN_Driver_Clear_Request_Completed_Flag
                0x080007a0       0x4c STM32F103C8T6\DRIVERS\CAN_DRIVER\CAN_Driver.o
                0x080007a0                CAN_Driver_Clear_Request_Completed_Flag
 .text.CAN_Driver_Check_Message_Pending
                0x080007ec       0x60 STM32F103C8T6\DRIVERS\CAN_DRIVER\CAN_Driver.o
                0x080007ec                CAN_Driver_Check_Message_Pending
 .text.CAN_Driver_Wait_for_Ready
                0x0800084c       0x20 STM32F103C8T6\DRIVERS\CAN_DRIVER\CAN_Driver.o
                0x0800084c                CAN_Driver_Wait_for_Ready
 .text.GPIO_Driver_Init
                0x0800086c      0x290 STM32F103C8T6\DRIVERS\GPIO_DRIVER\GPIO_Driver.o
                0x0800086c                GPIO_Driver_Init
 .text.NVIC_Driver_SetInterrupt
                0x08000afc       0xc0 STM32F103C8T6\DRIVERS\NVIC_DRIVER\NVIC_Driver.o
                0x08000afc                NVIC_Driver_SetInterrupt
 .text.NVIC_Driver_PriorityGroupConfig
                0x08000bbc       0x4c STM32F103C8T6\DRIVERS\NVIC_DRIVER\NVIC_Driver.o
                0x08000bbc                NVIC_Driver_PriorityGroupConfig
 .text.NVIC_Driver_Set_SYSTICK_Interrupt
                0x08000c08       0x38 STM32F103C8T6\DRIVERS\NVIC_DRIVER\NVIC_Driver.o
                0x08000c08                NVIC_Driver_Set_SYSTICK_Interrupt
 .text.SysTick_Handler
                0x08000c40       0x24 STM32F103C8T6\DRIVERS\SYSTICK_DRIVER\SYSTICK_Driver.o
                0x08000c40                SysTick_Handler
 .text.SYSTICK_Driver_Init
                0x08000c64       0x38 STM32F103C8T6\DRIVERS\SYSTICK_DRIVER\SYSTICK_Driver.o
                0x08000c64                SYSTICK_Driver_Init
 .text.SYSTICK_Driver_Start
                0x08000c9c       0x1c STM32F103C8T6\DRIVERS\SYSTICK_DRIVER\SYSTICK_Driver.o
                0x08000c9c                SYSTICK_Driver_Start
 .text.SYSTICK_Driver_Delay_ms
                0x08000cb8       0x28 STM32F103C8T6\DRIVERS\SYSTICK_DRIVER\SYSTICK_Driver.o
                0x08000cb8                SYSTICK_Driver_Delay_ms
 .text.main     0x08000ce0       0x80 src\main.o
                0x08000ce0                main
 .text.Reset_Handler
                0x08000d60       0x50 src\startup_stm32f10x_md.o
                0x08000d60                Reset_Handler
 .text.Default_Handler
                0x08000db0        0x2 src\startup_stm32f10x_md.o
                0x08000db0                EXTI2_IRQHandler
                0x08000db0                DebugMon_Handler
                0x08000db0                TIM1_CC_IRQHandler
                0x08000db0                HardFault_Handler
                0x08000db0                PVD_IRQHandler
                0x08000db0                PendSV_Handler
                0x08000db0                NMI_Handler
                0x08000db0                EXTI3_IRQHandler
                0x08000db0                EXTI0_IRQHandler
                0x08000db0                I2C2_EV_IRQHandler
                0x08000db0                UsageFault_Handler
                0x08000db0                ADC1_2_IRQHandler
                0x08000db0                SPI1_IRQHandler
                0x08000db0                TAMPER_IRQHandler
                0x08000db0                DMA1_Channel4_IRQHandler
                0x08000db0                USART3_IRQHandler
                0x08000db0                RTC_IRQHandler
                0x08000db0                DMA1_Channel7_IRQHandler
                0x08000db0                CAN1_RX1_IRQHandler
                0x08000db0                TIM4_IRQHandler
                0x08000db0                I2C1_EV_IRQHandler
                0x08000db0                DMA1_Channel6_IRQHandler
                0x08000db0                TIM3_IRQHandler
                0x08000db0                RCC_IRQHandler
                0x08000db0                TIM1_TRG_COM_IRQHandler
                0x08000db0                DMA1_Channel1_IRQHandler
                0x08000db0                Default_Handler
                0x08000db0                EXTI15_10_IRQHandler
                0x08000db0                EXTI9_5_IRQHandler
                0x08000db0                SPI2_IRQHandler
                0x08000db0                MemManage_Handler
                0x08000db0                SVC_Handler
                0x08000db0                DMA1_Channel5_IRQHandler
                0x08000db0                EXTI4_IRQHandler
                0x08000db0                USB_LP_CAN1_RX0_IRQHandler
                0x08000db0                USB_HP_CAN1_TX_IRQHandler
                0x08000db0                DMA1_Channel3_IRQHandler
                0x08000db0                TIM1_UP_IRQHandler
                0x08000db0                WWDG_IRQHandler
                0x08000db0                TIM2_IRQHandler
                0x08000db0                TIM1_BRK_IRQHandler
                0x08000db0                EXTI1_IRQHandler
                0x08000db0                RTCAlarm_IRQHandler
                0x08000db0                USART2_IRQHandler
                0x08000db0                I2C2_ER_IRQHandler
                0x08000db0                DMA1_Channel2_IRQHandler
                0x08000db0                CAN1_SCE_IRQHandler
                0x08000db0                FLASH_IRQHandler
                0x08000db0                BusFault_Handler
                0x08000db0                USART1_IRQHandler
                0x08000db0                I2C1_ER_IRQHandler
                0x08000db0                USBWakeUp_IRQHandler
 *fill*         0x08000db2        0x2 
 .text.SystemInit
                0x08000db4       0x68 src\system_stm32f10x.o
                0x08000db4                SystemInit
 .text.SetSysClock
                0x08000e1c        0xc src\system_stm32f10x.o
 .text.SetSysClockTo72
                0x08000e28      0x100 src\system_stm32f10x.o
 .text.__libc_init_array
                0x08000f28       0x48 c:/program files (x86)/atollic/truestudio for arm 8.1.0/armtools/bin/../lib/gcc/arm-atollic-eabi/6.3.1/../../../../arm-atollic-eabi/lib/armv7-m\libc_nano.a(lib_a-init.o)
                0x08000f28                __libc_init_array
 *(.glue_7)
 .glue_7        0x08000f70        0x0 linker stubs
 *(.glue_7t)
 .glue_7t       0x08000f70        0x0 linker stubs
 *(.eh_frame)
 .eh_frame      0x08000f70        0x0 c:/program files (x86)/atollic/truestudio for arm 8.1.0/armtools/bin/../lib/gcc/arm-atollic-eabi/6.3.1/armv7-m/crtbegin.o
 *(.init)
 .init          0x08000f70        0x4 c:/program files (x86)/atollic/truestudio for arm 8.1.0/armtools/bin/../lib/gcc/arm-atollic-eabi/6.3.1/armv7-m/crti.o
                0x08000f70                _init
 .init          0x08000f74        0x8 c:/program files (x86)/atollic/truestudio for arm 8.1.0/armtools/bin/../lib/gcc/arm-atollic-eabi/6.3.1/armv7-m/crtn.o
 *(.fini)
 .fini          0x08000f7c        0x4 c:/program files (x86)/atollic/truestudio for arm 8.1.0/armtools/bin/../lib/gcc/arm-atollic-eabi/6.3.1/armv7-m/crti.o
                0x08000f7c                _fini
 .fini          0x08000f80        0x8 c:/program files (x86)/atollic/truestudio for arm 8.1.0/armtools/bin/../lib/gcc/arm-atollic-eabi/6.3.1/armv7-m/crtn.o
                0x08000f88                . = ALIGN (0x4)
                0x08000f88                _etext = .

.vfp11_veneer   0x08000f88        0x0
 .vfp11_veneer  0x08000f88        0x0 linker stubs

.v4_bx          0x08000f88        0x0
 .v4_bx         0x08000f88        0x0 linker stubs

.iplt           0x08000f88        0x0
 .iplt          0x08000f88        0x0 c:/program files (x86)/atollic/truestudio for arm 8.1.0/armtools/bin/../lib/gcc/arm-atollic-eabi/6.3.1/armv7-m/crtbegin.o

.rel.dyn        0x08000f88        0x0
 .rel.iplt      0x08000f88        0x0 c:/program files (x86)/atollic/truestudio for arm 8.1.0/armtools/bin/../lib/gcc/arm-atollic-eabi/6.3.1/armv7-m/crtbegin.o

.rodata         0x08000f88        0x0
                0x08000f88                . = ALIGN (0x4)
 *(.rodata)
 *(.rodata*)
                0x08000f88                . = ALIGN (0x4)

.ARM.extab
 *(.ARM.extab* .gnu.linkonce.armextab.*)

.ARM            0x08000f88        0x0
                0x08000f88                __exidx_start = .
 *(.ARM.exidx*)
                0x08000f88                __exidx_end = .

.preinit_array  0x08000f88        0x0
                0x08000f88                PROVIDE (__preinit_array_start, .)
 *(.preinit_array*)
                0x08000f88                PROVIDE (__preinit_array_end, .)

.init_array     0x08000f88        0x4
                0x08000f88                PROVIDE (__init_array_start, .)
 *(SORT(.init_array.*))
 *(.init_array*)
 .init_array    0x08000f88        0x4 c:/program files (x86)/atollic/truestudio for arm 8.1.0/armtools/bin/../lib/gcc/arm-atollic-eabi/6.3.1/armv7-m/crtbegin.o
                0x08000f8c                PROVIDE (__init_array_end, .)

.fini_array     0x08000f8c        0x4
                [!provide]                PROVIDE (__fini_array_start, .)
 *(SORT(.fini_array.*))
 *(.fini_array*)
 .fini_array    0x08000f8c        0x4 c:/program files (x86)/atollic/truestudio for arm 8.1.0/armtools/bin/../lib/gcc/arm-atollic-eabi/6.3.1/armv7-m/crtbegin.o
                [!provide]                PROVIDE (__fini_array_end, .)
                0x08000f90                _sidata = LOADADDR (.data)

.data           0x20000000       0x7c load address 0x08000f90
                0x20000000                . = ALIGN (0x4)
                0x20000000                _sdata = .
 *(.data)
 *(.data*)
 .data.CAN_Driver_StateSetters
                0x20000000        0xc STM32F103C8T6\DRIVERS\CAN_DRIVER\CAN_Driver.o
 .data.GPIO_CONF_SETUP
                0x2000000c       0x68 STM32F103C8T6\DRIVERS\GPIO_DRIVER\GPIO_Driver_Cfg.o
                0x2000000c                GPIO_CONF_SETUP
 .data.GPIO_SETUP
                0x20000074        0x4 STM32F103C8T6\DRIVERS\GPIO_DRIVER\GPIO_Driver_Cfg.o
                0x20000074                GPIO_SETUP
 .data.tx_payload
                0x20000078        0x3 src\main.o
                0x20000078                tx_payload
                0x2000007c                . = ALIGN (0x4)
 *fill*         0x2000007b        0x1 
                0x2000007c                _edata = .

.igot.plt       0x2000007c        0x0 load address 0x0800100c
 .igot.plt      0x2000007c        0x0 c:/program files (x86)/atollic/truestudio for arm 8.1.0/armtools/bin/../lib/gcc/arm-atollic-eabi/6.3.1/armv7-m/crtbegin.o
                0x2000007c                . = ALIGN (0x4)

.bss            0x2000007c       0x44 load address 0x0800100c
                0x2000007c                _sbss = .
                0x2000007c                __bss_start__ = _sbss
 *(.bss)
 .bss           0x2000007c       0x1c c:/program files (x86)/atollic/truestudio for arm 8.1.0/armtools/bin/../lib/gcc/arm-atollic-eabi/6.3.1/armv7-m/crtbegin.o
 *(.bss*)
 .bss.CAN_ID_index.6689
                0x20000098        0x1 STM32F103C8T6\DRIVERS\CAN_DRIVER\CAN_Driver.o
 *fill*         0x20000099        0x3 
 .bss.Tick_Counter
                0x2000009c        0x4 STM32F103C8T6\DRIVERS\SYSTICK_DRIVER\SYSTICK_Driver.o
 *(COMMON)
 COMMON         0x200000a0       0x20 src\main.o
                0x200000a0                TestPayload
                0x200000b0                TestRxPayload
                0x200000c0                . = ALIGN (0x4)
                0x200000c0                _ebss = .
                0x200000c0                __bss_end__ = _ebss

._user_heap_stack
                0x200000c0      0x100 load address 0x0800100c
                0x200000c0                . = ALIGN (0x4)
                [!provide]                PROVIDE (end, .)
                [!provide]                PROVIDE (_end, .)
                0x200000c0                . = (. + _Min_Heap_Size)
                0x200001c0                . = (. + _Min_Stack_Size)
 *fill*         0x200000c0      0x100 
                0x200001c0                . = ALIGN (0x4)

.memory_b1_text
 *(.mb1text)
 *(.mb1text*)
 *(.mb1rodata)
 *(.mb1rodata*)

/DISCARD/
 libc.a(*)
 libm.a(*)
 libgcc.a(*)

.ARM.attributes
                0x00000000       0x29
 *(.ARM.attributes)
 .ARM.attributes
                0x00000000       0x1d c:/program files (x86)/atollic/truestudio for arm 8.1.0/armtools/bin/../lib/gcc/arm-atollic-eabi/6.3.1/armv7-m/crti.o
 .ARM.attributes
                0x0000001d       0x2d c:/program files (x86)/atollic/truestudio for arm 8.1.0/armtools/bin/../lib/gcc/arm-atollic-eabi/6.3.1/armv7-m/crtbegin.o
 .ARM.attributes
                0x0000004a       0x33 STM32F103C8T6\DRIVERS\CAN_DRIVER\CAN_Driver.o
 .ARM.attributes
                0x0000007d       0x33 STM32F103C8T6\DRIVERS\GPIO_DRIVER\GPIO_Driver.o
 .ARM.attributes
                0x000000b0       0x33 STM32F103C8T6\DRIVERS\GPIO_DRIVER\GPIO_Driver_Cfg.o
 .ARM.attributes
                0x000000e3       0x33 STM32F103C8T6\DRIVERS\NVIC_DRIVER\NVIC_Driver.o
 .ARM.attributes
                0x00000116       0x33 STM32F103C8T6\DRIVERS\SYSTICK_DRIVER\SYSTICK_Driver.o
 .ARM.attributes
                0x00000149       0x33 src\main.o
 .ARM.attributes
                0x0000017c       0x21 src\startup_stm32f10x_md.o
 .ARM.attributes
                0x0000019d       0x33 src\system_stm32f10x.o
 .ARM.attributes
                0x000001d0       0x2d c:/program files (x86)/atollic/truestudio for arm 8.1.0/armtools/bin/../lib/gcc/arm-atollic-eabi/6.3.1/../../../../arm-atollic-eabi/lib/armv7-m\libc_nano.a(lib_a-init.o)
 .ARM.attributes
                0x000001fd       0x1d c:/program files (x86)/atollic/truestudio for arm 8.1.0/armtools/bin/../lib/gcc/arm-atollic-eabi/6.3.1/armv7-m/crtn.o
OUTPUT(103_LED_Project.elf elf32-littlearm)

.debug_info     0x00000000     0x1d9d
 .debug_info    0x00000000      0x77b STM32F103C8T6\DRIVERS\CAN_DRIVER\CAN_Driver.o
 .debug_info    0x0000077b      0x3bb STM32F103C8T6\DRIVERS\GPIO_DRIVER\GPIO_Driver.o
 .debug_info    0x00000b36      0x1fd STM32F103C8T6\DRIVERS\GPIO_DRIVER\GPIO_Driver_Cfg.o
 .debug_info    0x00000d33      0x65c STM32F103C8T6\DRIVERS\NVIC_DRIVER\NVIC_Driver.o
 .debug_info    0x0000138f      0x1ee STM32F103C8T6\DRIVERS\SYSTICK_DRIVER\SYSTICK_Driver.o
 .debug_info    0x0000157d      0x2e5 src\main.o
 .debug_info    0x00001862       0x94 src\startup_stm32f10x_md.o
 .debug_info    0x000018f6      0x4a7 src\system_stm32f10x.o

.debug_abbrev   0x00000000      0x9e9
 .debug_abbrev  0x00000000      0x270 STM32F103C8T6\DRIVERS\CAN_DRIVER\CAN_Driver.o
 .debug_abbrev  0x00000270      0x148 STM32F103C8T6\DRIVERS\GPIO_DRIVER\GPIO_Driver.o
 .debug_abbrev  0x000003b8      0x103 STM32F103C8T6\DRIVERS\GPIO_DRIVER\GPIO_Driver_Cfg.o
 .debug_abbrev  0x000004bb      0x172 STM32F103C8T6\DRIVERS\NVIC_DRIVER\NVIC_Driver.o
 .debug_abbrev  0x0000062d      0x11d STM32F103C8T6\DRIVERS\SYSTICK_DRIVER\SYSTICK_Driver.o
 .debug_abbrev  0x0000074a      0x11f src\main.o
 .debug_abbrev  0x00000869       0x12 src\startup_stm32f10x_md.o
 .debug_abbrev  0x0000087b      0x16e src\system_stm32f10x.o

.debug_aranges  0x00000000      0x220
 .debug_aranges
                0x00000000       0xb0 STM32F103C8T6\DRIVERS\CAN_DRIVER\CAN_Driver.o
 .debug_aranges
                0x000000b0       0x48 STM32F103C8T6\DRIVERS\GPIO_DRIVER\GPIO_Driver.o
 .debug_aranges
                0x000000f8       0x20 STM32F103C8T6\DRIVERS\GPIO_DRIVER\GPIO_Driver_Cfg.o
 .debug_aranges
                0x00000118       0x38 STM32F103C8T6\DRIVERS\NVIC_DRIVER\NVIC_Driver.o
 .debug_aranges
                0x00000150       0x50 STM32F103C8T6\DRIVERS\SYSTICK_DRIVER\SYSTICK_Driver.o
 .debug_aranges
                0x000001a0       0x20 src\main.o
 .debug_aranges
                0x000001c0       0x28 src\startup_stm32f10x_md.o
 .debug_aranges
                0x000001e8       0x38 src\system_stm32f10x.o

.debug_ranges   0x00000000      0x1a8
 .debug_ranges  0x00000000       0xa0 STM32F103C8T6\DRIVERS\CAN_DRIVER\CAN_Driver.o
 .debug_ranges  0x000000a0       0x38 STM32F103C8T6\DRIVERS\GPIO_DRIVER\GPIO_Driver.o
 .debug_ranges  0x000000d8       0x10 STM32F103C8T6\DRIVERS\GPIO_DRIVER\GPIO_Driver_Cfg.o
 .debug_ranges  0x000000e8       0x28 STM32F103C8T6\DRIVERS\NVIC_DRIVER\NVIC_Driver.o
 .debug_ranges  0x00000110       0x40 STM32F103C8T6\DRIVERS\SYSTICK_DRIVER\SYSTICK_Driver.o
 .debug_ranges  0x00000150       0x10 src\main.o
 .debug_ranges  0x00000160       0x20 src\startup_stm32f10x_md.o
 .debug_ranges  0x00000180       0x28 src\system_stm32f10x.o

.debug_line     0x00000000     0x113c
 .debug_line    0x00000000      0x3d1 STM32F103C8T6\DRIVERS\CAN_DRIVER\CAN_Driver.o
 .debug_line    0x000003d1      0x26f STM32F103C8T6\DRIVERS\GPIO_DRIVER\GPIO_Driver.o
 .debug_line    0x00000640      0x1d6 STM32F103C8T6\DRIVERS\GPIO_DRIVER\GPIO_Driver_Cfg.o
 .debug_line    0x00000816      0x212 STM32F103C8T6\DRIVERS\NVIC_DRIVER\NVIC_Driver.o
 .debug_line    0x00000a28      0x232 STM32F103C8T6\DRIVERS\SYSTICK_DRIVER\SYSTICK_Driver.o
 .debug_line    0x00000c5a      0x220 src\main.o
 .debug_line    0x00000e7a       0x7c src\startup_stm32f10x_md.o
 .debug_line    0x00000ef6      0x246 src\system_stm32f10x.o

.debug_str      0x00000000      0xf38
 .debug_str     0x00000000      0x642 STM32F103C8T6\DRIVERS\CAN_DRIVER\CAN_Driver.o
                                0x6a7 (size before relaxing)
 .debug_str     0x00000642      0x163 STM32F103C8T6\DRIVERS\GPIO_DRIVER\GPIO_Driver.o
                                0x390 (size before relaxing)
 .debug_str     0x000007a5       0x63 STM32F103C8T6\DRIVERS\GPIO_DRIVER\GPIO_Driver_Cfg.o
                                0x2b1 (size before relaxing)
 .debug_str     0x00000808      0x522 STM32F103C8T6\DRIVERS\NVIC_DRIVER\NVIC_Driver.o
                                0x73e (size before relaxing)
 .debug_str     0x00000d2a      0x104 STM32F103C8T6\DRIVERS\SYSTICK_DRIVER\SYSTICK_Driver.o
                                0x300 (size before relaxing)
 .debug_str     0x00000e2e       0x50 src\main.o
                                0x349 (size before relaxing)
 .debug_str     0x00000e7e       0xba src\system_stm32f10x.o
                                0x348 (size before relaxing)

.comment        0x00000000       0x7c
 .comment       0x00000000       0x7c STM32F103C8T6\DRIVERS\CAN_DRIVER\CAN_Driver.o
                                 0x7d (size before relaxing)
 .comment       0x0000007c       0x7d STM32F103C8T6\DRIVERS\GPIO_DRIVER\GPIO_Driver.o
 .comment       0x0000007c       0x7d STM32F103C8T6\DRIVERS\GPIO_DRIVER\GPIO_Driver_Cfg.o
 .comment       0x0000007c       0x7d STM32F103C8T6\DRIVERS\NVIC_DRIVER\NVIC_Driver.o
 .comment       0x0000007c       0x7d STM32F103C8T6\DRIVERS\SYSTICK_DRIVER\SYSTICK_Driver.o
 .comment       0x0000007c       0x7d src\main.o
 .comment       0x0000007c       0x7d src\system_stm32f10x.o

.debug_frame    0x00000000      0x688
 .debug_frame   0x00000000      0x2b0 STM32F103C8T6\DRIVERS\CAN_DRIVER\CAN_Driver.o
 .debug_frame   0x000002b0      0x108 STM32F103C8T6\DRIVERS\GPIO_DRIVER\GPIO_Driver.o
 .debug_frame   0x000003b8       0x30 STM32F103C8T6\DRIVERS\GPIO_DRIVER\GPIO_Driver_Cfg.o
 .debug_frame   0x000003e8       0xac STM32F103C8T6\DRIVERS\NVIC_DRIVER\NVIC_Driver.o
 .debug_frame   0x00000494      0x104 STM32F103C8T6\DRIVERS\SYSTICK_DRIVER\SYSTICK_Driver.o
 .debug_frame   0x00000598       0x2c src\main.o
 .debug_frame   0x000005c4       0x98 src\system_stm32f10x.o
 .debug_frame   0x0000065c       0x2c c:/program files (x86)/atollic/truestudio for arm 8.1.0/armtools/bin/../lib/gcc/arm-atollic-eabi/6.3.1/../../../../arm-atollic-eabi/lib/armv7-m\libc_nano.a(lib_a-init.o)

Cross Reference Table

Symbol                                            File
ADC1_2_IRQHandler                                 src\startup_stm32f10x_md.o
ADC_AnalogWatchdogCmd                             Libraries\STM32F10x_StdPeriph_Driver\src\stm32f10x_adc.o
ADC_AnalogWatchdogSingleChannelConfig             Libraries\STM32F10x_StdPeriph_Driver\src\stm32f10x_adc.o
ADC_AnalogWatchdogThresholdsConfig                Libraries\STM32F10x_StdPeriph_Driver\src\stm32f10x_adc.o
ADC_AutoInjectedConvCmd                           Libraries\STM32F10x_StdPeriph_Driver\src\stm32f10x_adc.o
ADC_CONF_SETUP                                    STM32F103C8T6\DRIVERS\ADC_DRIVER\ADC_Driver_Cfg.o
ADC_ClearFlag                                     Libraries\STM32F10x_StdPeriph_Driver\src\stm32f10x_adc.o
ADC_ClearITPendingBit                             Libraries\STM32F10x_StdPeriph_Driver\src\stm32f10x_adc.o
ADC_Cmd                                           Libraries\STM32F10x_StdPeriph_Driver\src\stm32f10x_adc.o
ADC_DMACmd                                        Libraries\STM32F10x_StdPeriph_Driver\src\stm32f10x_adc.o
ADC_DeInit                                        Libraries\STM32F10x_StdPeriph_Driver\src\stm32f10x_adc.o
ADC_DiscModeChannelCountConfig                    Libraries\STM32F10x_StdPeriph_Driver\src\stm32f10x_adc.o
ADC_DiscModeCmd                                   Libraries\STM32F10x_StdPeriph_Driver\src\stm32f10x_adc.o
ADC_Driver_ClearStatus                            STM32F103C8T6\DRIVERS\ADC_DRIVER\ADC_Driver.o
                                                  STM32F103C8T6\MODULES\HARDWARE_MODULES\BUTTON_MODULE\JOYSTICK_MODULE\JOYSTICK_Module.o
ADC_Driver_GetSample                              STM32F103C8T6\DRIVERS\ADC_DRIVER\ADC_Driver.o
                                                  STM32F103C8T6\MODULES\HARDWARE_MODULES\BUTTON_MODULE\JOYSTICK_MODULE\JOYSTICK_Module.o
ADC_Driver_GetStatus                              STM32F103C8T6\DRIVERS\ADC_DRIVER\ADC_Driver.o
                                                  STM32F103C8T6\MODULES\HARDWARE_MODULES\BUTTON_MODULE\JOYSTICK_MODULE\JOYSTICK_Module.o
ADC_Driver_Init                                   STM32F103C8T6\DRIVERS\ADC_DRIVER\ADC_Driver.o
ADC_Driver_Off                                    STM32F103C8T6\DRIVERS\ADC_DRIVER\ADC_Driver.o
ADC_Driver_On                                     STM32F103C8T6\DRIVERS\ADC_DRIVER\ADC_Driver.o
ADC_Driver_SetChannel                             STM32F103C8T6\DRIVERS\ADC_DRIVER\ADC_Driver.o
ADC_Driver_StartSampling                          STM32F103C8T6\DRIVERS\ADC_DRIVER\ADC_Driver.o
                                                  STM32F103C8T6\MODULES\HARDWARE_MODULES\BUTTON_MODULE\JOYSTICK_MODULE\JOYSTICK_Module.o
ADC_ExternalTrigConvCmd                           Libraries\STM32F10x_StdPeriph_Driver\src\stm32f10x_adc.o
ADC_ExternalTrigInjectedConvCmd                   Libraries\STM32F10x_StdPeriph_Driver\src\stm32f10x_adc.o
ADC_ExternalTrigInjectedConvConfig                Libraries\STM32F10x_StdPeriph_Driver\src\stm32f10x_adc.o
ADC_GetCalibrationStatus                          Libraries\STM32F10x_StdPeriph_Driver\src\stm32f10x_adc.o
ADC_GetConversionValue                            Libraries\STM32F10x_StdPeriph_Driver\src\stm32f10x_adc.o
ADC_GetDualModeConversionValue                    Libraries\STM32F10x_StdPeriph_Driver\src\stm32f10x_adc.o
ADC_GetFlagStatus                                 Libraries\STM32F10x_StdPeriph_Driver\src\stm32f10x_adc.o
ADC_GetITStatus                                   Libraries\STM32F10x_StdPeriph_Driver\src\stm32f10x_adc.o
ADC_GetInjectedConversionValue                    Libraries\STM32F10x_StdPeriph_Driver\src\stm32f10x_adc.o
ADC_GetResetCalibrationStatus                     Libraries\STM32F10x_StdPeriph_Driver\src\stm32f10x_adc.o
ADC_GetSoftwareStartConvStatus                    Libraries\STM32F10x_StdPeriph_Driver\src\stm32f10x_adc.o
ADC_GetSoftwareStartInjectedConvCmdStatus         Libraries\STM32F10x_StdPeriph_Driver\src\stm32f10x_adc.o
ADC_ITConfig                                      Libraries\STM32F10x_StdPeriph_Driver\src\stm32f10x_adc.o
ADC_Init                                          Libraries\STM32F10x_StdPeriph_Driver\src\stm32f10x_adc.o
ADC_InjectedChannelConfig                         Libraries\STM32F10x_StdPeriph_Driver\src\stm32f10x_adc.o
ADC_InjectedDiscModeCmd                           Libraries\STM32F10x_StdPeriph_Driver\src\stm32f10x_adc.o
ADC_InjectedSequencerLengthConfig                 Libraries\STM32F10x_StdPeriph_Driver\src\stm32f10x_adc.o
ADC_RegularChannelConfig                          Libraries\STM32F10x_StdPeriph_Driver\src\stm32f10x_adc.o
ADC_ResetCalibration                              Libraries\STM32F10x_StdPeriph_Driver\src\stm32f10x_adc.o
ADC_SETUP                                         STM32F103C8T6\DRIVERS\ADC_DRIVER\ADC_Driver_Cfg.o
                                                  STM32F103C8T6\DRIVERS\ADC_DRIVER\ADC_Driver.o
ADC_SetInjectedOffset                             Libraries\STM32F10x_StdPeriph_Driver\src\stm32f10x_adc.o
ADC_SoftwareStartConvCmd                          Libraries\STM32F10x_StdPeriph_Driver\src\stm32f10x_adc.o
ADC_SoftwareStartInjectedConvCmd                  Libraries\STM32F10x_StdPeriph_Driver\src\stm32f10x_adc.o
ADC_StartCalibration                              Libraries\STM32F10x_StdPeriph_Driver\src\stm32f10x_adc.o
ADC_StructInit                                    Libraries\STM32F10x_StdPeriph_Driver\src\stm32f10x_adc.o
ADC_TempSensorVrefintCmd                          Libraries\STM32F10x_StdPeriph_Driver\src\stm32f10x_adc.o
AHBPrescTable                                     src\system_stm32f10x.o
BKP_ClearFlag                                     Libraries\STM32F10x_StdPeriph_Driver\src\stm32f10x_bkp.o
BKP_ClearITPendingBit                             Libraries\STM32F10x_StdPeriph_Driver\src\stm32f10x_bkp.o
BKP_DeInit                                        Libraries\STM32F10x_StdPeriph_Driver\src\stm32f10x_bkp.o
BKP_GetFlagStatus                                 Libraries\STM32F10x_StdPeriph_Driver\src\stm32f10x_bkp.o
BKP_GetITStatus                                   Libraries\STM32F10x_StdPeriph_Driver\src\stm32f10x_bkp.o
BKP_ITConfig                                      Libraries\STM32F10x_StdPeriph_Driver\src\stm32f10x_bkp.o
BKP_RTCOutputConfig                               Libraries\STM32F10x_StdPeriph_Driver\src\stm32f10x_bkp.o
BKP_ReadBackupRegister                            Libraries\STM32F10x_StdPeriph_Driver\src\stm32f10x_bkp.o
BKP_SetRTCCalibrationValue                        Libraries\STM32F10x_StdPeriph_Driver\src\stm32f10x_bkp.o
BKP_TamperPinCmd                                  Libraries\STM32F10x_StdPeriph_Driver\src\stm32f10x_bkp.o
BKP_TamperPinLevelConfig                          Libraries\STM32F10x_StdPeriph_Driver\src\stm32f10x_bkp.o
BKP_WriteBackupRegister                           Libraries\STM32F10x_StdPeriph_Driver\src\stm32f10x_bkp.o
BUTTON_Module_Init_Cfg                            STM32F103C8T6\MODULES\HARDWARE_MODULES\BUTTON_MODULE\BUTTON_Module_Cfg.o
                                                  STM32F103C8T6\MODULES\HARDWARE_MODULES\BUTTON_MODULE\JOYSTICK_MODULE\JOYSTICK_Module_Cfg.o
BUTTON_Module_Read_Value                          STM32F103C8T6\MODULES\HARDWARE_MODULES\BUTTON_MODULE\BUTTON_Module.o
                                                  STM32F103C8T6\MODULES\HARDWARE_MODULES\BUTTON_MODULE\JOYSTICK_MODULE\JOYSTICK_Module.o
BUTTON_SETUP                                      STM32F103C8T6\MODULES\HARDWARE_MODULES\BUTTON_MODULE\BUTTON_Module_Cfg.o
                                                  STM32F103C8T6\MODULES\HARDWARE_MODULES\BUTTON_MODULE\BUTTON_Module.o
BusFault_Handler                                  src\startup_stm32f10x_md.o
CAN1_RX1_IRQHandler                               src\startup_stm32f10x_md.o
CAN1_SCE_IRQHandler                               src\startup_stm32f10x_md.o
CAN_CancelTransmit                                Libraries\STM32F10x_StdPeriph_Driver\src\stm32f10x_can.o
CAN_ClearFlag                                     Libraries\STM32F10x_StdPeriph_Driver\src\stm32f10x_can.o
CAN_ClearITPendingBit                             Libraries\STM32F10x_StdPeriph_Driver\src\stm32f10x_can.o
CAN_DBGFreeze                                     Libraries\STM32F10x_StdPeriph_Driver\src\stm32f10x_can.o
CAN_DeInit                                        Libraries\STM32F10x_StdPeriph_Driver\src\stm32f10x_can.o
CAN_Driver_Check_Message_Pending                  STM32F103C8T6\DRIVERS\CAN_DRIVER\CAN_Driver.o
                                                  src\main.o
CAN_Driver_Clear_Request_Completed_Flag           STM32F103C8T6\DRIVERS\CAN_DRIVER\CAN_Driver.o
CAN_Driver_DebugFreeze                            STM32F103C8T6\DRIVERS\CAN_DRIVER\CAN_Driver.o
CAN_Driver_Enter_InitMode                         STM32F103C8T6\DRIVERS\CAN_DRIVER\CAN_Driver.o
CAN_Driver_Enter_NormalMode                       STM32F103C8T6\DRIVERS\CAN_DRIVER\CAN_Driver.o
CAN_Driver_Enter_SleepMode                        STM32F103C8T6\DRIVERS\CAN_DRIVER\CAN_Driver.o
CAN_Driver_Init                                   STM32F103C8T6\DRIVERS\CAN_DRIVER\CAN_Driver.o
                                                  src\main.o
CAN_Driver_InitBuffer                             STM32F103C8T6\DRIVERS\CAN_DRIVER\CAN_Driver.o
                                                  src\main.o
CAN_Driver_ModeChange                             STM32F103C8T6\DRIVERS\CAN_DRIVER\CAN_Driver.o
CAN_Driver_ReceiveMessage                         STM32F103C8T6\DRIVERS\CAN_DRIVER\CAN_Driver.o
                                                  src\main.o
CAN_Driver_Release_Rx_MailBox                     STM32F103C8T6\DRIVERS\CAN_DRIVER\CAN_Driver.o
CAN_Driver_Reset                                  STM32F103C8T6\DRIVERS\CAN_DRIVER\CAN_Driver.o
CAN_Driver_SendMessage                            STM32F103C8T6\DRIVERS\CAN_DRIVER\CAN_Driver.o
                                                  src\main.o
CAN_Driver_SetBuffer                              STM32F103C8T6\DRIVERS\CAN_DRIVER\CAN_Driver.o
                                                  src\main.o
CAN_Driver_SetFilter                              STM32F103C8T6\DRIVERS\CAN_DRIVER\CAN_Driver.o
                                                  src\main.o
CAN_Driver_SetTestMode                            STM32F103C8T6\DRIVERS\CAN_DRIVER\CAN_Driver.o
CAN_Driver_Start                                  STM32F103C8T6\DRIVERS\CAN_DRIVER\CAN_Driver.o
                                                  src\main.o
CAN_Driver_Wait_for_Ready                         STM32F103C8T6\DRIVERS\CAN_DRIVER\CAN_Driver.o
                                                  src\main.o
CAN_Driver_Wake_Up                                STM32F103C8T6\DRIVERS\CAN_DRIVER\CAN_Driver.o
CAN_FIFORelease                                   Libraries\STM32F10x_StdPeriph_Driver\src\stm32f10x_can.o
CAN_FilterInit                                    Libraries\STM32F10x_StdPeriph_Driver\src\stm32f10x_can.o
CAN_GetFlagStatus                                 Libraries\STM32F10x_StdPeriph_Driver\src\stm32f10x_can.o
CAN_GetITStatus                                   Libraries\STM32F10x_StdPeriph_Driver\src\stm32f10x_can.o
CAN_GetLSBTransmitErrorCounter                    Libraries\STM32F10x_StdPeriph_Driver\src\stm32f10x_can.o
CAN_GetLastErrorCode                              Libraries\STM32F10x_StdPeriph_Driver\src\stm32f10x_can.o
CAN_GetReceiveErrorCounter                        Libraries\STM32F10x_StdPeriph_Driver\src\stm32f10x_can.o
CAN_ITConfig                                      Libraries\STM32F10x_StdPeriph_Driver\src\stm32f10x_can.o
CAN_Init                                          Libraries\STM32F10x_StdPeriph_Driver\src\stm32f10x_can.o
CAN_MessagePending                                Libraries\STM32F10x_StdPeriph_Driver\src\stm32f10x_can.o
CAN_OperatingModeRequest                          Libraries\STM32F10x_StdPeriph_Driver\src\stm32f10x_can.o
CAN_Receive                                       Libraries\STM32F10x_StdPeriph_Driver\src\stm32f10x_can.o
CAN_SlaveStartBank                                Libraries\STM32F10x_StdPeriph_Driver\src\stm32f10x_can.o
CAN_Sleep                                         Libraries\STM32F10x_StdPeriph_Driver\src\stm32f10x_can.o
CAN_StructInit                                    Libraries\STM32F10x_StdPeriph_Driver\src\stm32f10x_can.o
CAN_TTComModeCmd                                  Libraries\STM32F10x_StdPeriph_Driver\src\stm32f10x_can.o
CAN_Transmit                                      Libraries\STM32F10x_StdPeriph_Driver\src\stm32f10x_can.o
CAN_TransmitStatus                                Libraries\STM32F10x_StdPeriph_Driver\src\stm32f10x_can.o
CAN_WakeUp                                        Libraries\STM32F10x_StdPeriph_Driver\src\stm32f10x_can.o
CEC_ClearFlag                                     Libraries\STM32F10x_StdPeriph_Driver\src\stm32f10x_cec.o
CEC_ClearITPendingBit                             Libraries\STM32F10x_StdPeriph_Driver\src\stm32f10x_cec.o
CEC_Cmd                                           Libraries\STM32F10x_StdPeriph_Driver\src\stm32f10x_cec.o
CEC_DeInit                                        Libraries\STM32F10x_StdPeriph_Driver\src\stm32f10x_cec.o
CEC_EndOfMessageCmd                               Libraries\STM32F10x_StdPeriph_Driver\src\stm32f10x_cec.o
CEC_GetFlagStatus                                 Libraries\STM32F10x_StdPeriph_Driver\src\stm32f10x_cec.o
CEC_GetITStatus                                   Libraries\STM32F10x_StdPeriph_Driver\src\stm32f10x_cec.o
CEC_ITConfig                                      Libraries\STM32F10x_StdPeriph_Driver\src\stm32f10x_cec.o
CEC_Init                                          Libraries\STM32F10x_StdPeriph_Driver\src\stm32f10x_cec.o
CEC_OwnAddressConfig                              Libraries\STM32F10x_StdPeriph_Driver\src\stm32f10x_cec.o
CEC_ReceiveDataByte                               Libraries\STM32F10x_StdPeriph_Driver\src\stm32f10x_cec.o
CEC_SendDataByte                                  Libraries\STM32F10x_StdPeriph_Driver\src\stm32f10x_cec.o
CEC_SetPrescaler                                  Libraries\STM32F10x_StdPeriph_Driver\src\stm32f10x_cec.o
CEC_StartOfMessage                                Libraries\STM32F10x_StdPeriph_Driver\src\stm32f10x_cec.o
CRC_CalcBlockCRC                                  Libraries\STM32F10x_StdPeriph_Driver\src\stm32f10x_crc.o
CRC_CalcCRC                                       Libraries\STM32F10x_StdPeriph_Driver\src\stm32f10x_crc.o
CRC_GetCRC                                        Libraries\STM32F10x_StdPeriph_Driver\src\stm32f10x_crc.o
CRC_GetIDRegister                                 Libraries\STM32F10x_StdPeriph_Driver\src\stm32f10x_crc.o
CRC_ResetDR                                       Libraries\STM32F10x_StdPeriph_Driver\src\stm32f10x_crc.o
CRC_SetIDRegister                                 Libraries\STM32F10x_StdPeriph_Driver\src\stm32f10x_crc.o
DAC_Cmd                                           Libraries\STM32F10x_StdPeriph_Driver\src\stm32f10x_dac.o
DAC_DMACmd                                        Libraries\STM32F10x_StdPeriph_Driver\src\stm32f10x_dac.o
DAC_DeInit                                        Libraries\STM32F10x_StdPeriph_Driver\src\stm32f10x_dac.o
DAC_DualSoftwareTriggerCmd                        Libraries\STM32F10x_StdPeriph_Driver\src\stm32f10x_dac.o
DAC_GetDataOutputValue                            Libraries\STM32F10x_StdPeriph_Driver\src\stm32f10x_dac.o
DAC_Init                                          Libraries\STM32F10x_StdPeriph_Driver\src\stm32f10x_dac.o
DAC_SetChannel1Data                               Libraries\STM32F10x_StdPeriph_Driver\src\stm32f10x_dac.o
DAC_SetChannel2Data                               Libraries\STM32F10x_StdPeriph_Driver\src\stm32f10x_dac.o
DAC_SetDualChannelData                            Libraries\STM32F10x_StdPeriph_Driver\src\stm32f10x_dac.o
DAC_SoftwareTriggerCmd                            Libraries\STM32F10x_StdPeriph_Driver\src\stm32f10x_dac.o
DAC_StructInit                                    Libraries\STM32F10x_StdPeriph_Driver\src\stm32f10x_dac.o
DAC_WaveGenerationCmd                             Libraries\STM32F10x_StdPeriph_Driver\src\stm32f10x_dac.o
DBGMCU_Config                                     Libraries\STM32F10x_StdPeriph_Driver\src\stm32f10x_dbgmcu.o
DBGMCU_GetDEVID                                   Libraries\STM32F10x_StdPeriph_Driver\src\stm32f10x_dbgmcu.o
DBGMCU_GetREVID                                   Libraries\STM32F10x_StdPeriph_Driver\src\stm32f10x_dbgmcu.o
DMA1_Channel1_IRQHandler                          src\startup_stm32f10x_md.o
DMA1_Channel2_IRQHandler                          src\startup_stm32f10x_md.o
DMA1_Channel3_IRQHandler                          src\startup_stm32f10x_md.o
DMA1_Channel4_IRQHandler                          src\startup_stm32f10x_md.o
DMA1_Channel5_IRQHandler                          src\startup_stm32f10x_md.o
DMA1_Channel6_IRQHandler                          src\startup_stm32f10x_md.o
DMA1_Channel7_IRQHandler                          src\startup_stm32f10x_md.o
DMA_CONF_SETUP                                    STM32F103C8T6\DRIVERS\DMA_DRIVER\DMA_Driver_Cfg.o
DMA_ClearFlag                                     Libraries\STM32F10x_StdPeriph_Driver\src\stm32f10x_dma.o
DMA_ClearITPendingBit                             Libraries\STM32F10x_StdPeriph_Driver\src\stm32f10x_dma.o
DMA_Cmd                                           Libraries\STM32F10x_StdPeriph_Driver\src\stm32f10x_dma.o
DMA_DeInit                                        Libraries\STM32F10x_StdPeriph_Driver\src\stm32f10x_dma.o
DMA_Driver_Init                                   STM32F103C8T6\DRIVERS\DMA_DRIVER\DMA_Driver.o
DMA_Driver_SetBuffers                             STM32F103C8T6\DRIVERS\DMA_DRIVER\DMA_Driver.o
DMA_Driver_Start                                  STM32F103C8T6\DRIVERS\DMA_DRIVER\DMA_Driver.o
DMA_Driver_Stop                                   STM32F103C8T6\DRIVERS\DMA_DRIVER\DMA_Driver.o
DMA_GetCurrDataCounter                            Libraries\STM32F10x_StdPeriph_Driver\src\stm32f10x_dma.o
DMA_GetFlagStatus                                 Libraries\STM32F10x_StdPeriph_Driver\src\stm32f10x_dma.o
DMA_GetITStatus                                   Libraries\STM32F10x_StdPeriph_Driver\src\stm32f10x_dma.o
DMA_ITConfig                                      Libraries\STM32F10x_StdPeriph_Driver\src\stm32f10x_dma.o
DMA_Init                                          Libraries\STM32F10x_StdPeriph_Driver\src\stm32f10x_dma.o
DMA_SETUP                                         STM32F103C8T6\DRIVERS\DMA_DRIVER\DMA_Driver_Cfg.o
                                                  STM32F103C8T6\DRIVERS\DMA_DRIVER\DMA_Driver.o
DMA_SetCurrDataCounter                            Libraries\STM32F10x_StdPeriph_Driver\src\stm32f10x_dma.o
DMA_StructInit                                    Libraries\STM32F10x_StdPeriph_Driver\src\stm32f10x_dma.o
DebugMon_Handler                                  src\startup_stm32f10x_md.o
Default_Handler                                   src\startup_stm32f10x_md.o
DummyValue                                        src\main.o
EXTI0_IRQHandler                                  src\startup_stm32f10x_md.o
EXTI15_10_IRQHandler                              src\startup_stm32f10x_md.o
EXTI1_IRQHandler                                  src\startup_stm32f10x_md.o
EXTI2_IRQHandler                                  src\startup_stm32f10x_md.o
EXTI3_IRQHandler                                  src\startup_stm32f10x_md.o
EXTI4_IRQHandler                                  src\startup_stm32f10x_md.o
EXTI9_5_IRQHandler                                src\startup_stm32f10x_md.o
EXTI_ClearFlag                                    Libraries\STM32F10x_StdPeriph_Driver\src\stm32f10x_exti.o
EXTI_ClearITPendingBit                            Libraries\STM32F10x_StdPeriph_Driver\src\stm32f10x_exti.o
EXTI_DeInit                                       Libraries\STM32F10x_StdPeriph_Driver\src\stm32f10x_exti.o
EXTI_Driver_Clear_PendingInterrupt                STM32F103C8T6\DRIVERS\EXTI_DRIVER\EXTI_Driver.o
EXTI_Driver_Falling_Trigger_Clear                 STM32F103C8T6\DRIVERS\EXTI_DRIVER\EXTI_Driver.o
EXTI_Driver_Falling_Trigger_Select                STM32F103C8T6\DRIVERS\EXTI_DRIVER\EXTI_Driver.o
EXTI_Driver_Generate_SWInterrupt                  STM32F103C8T6\DRIVERS\EXTI_DRIVER\EXTI_Driver.o
EXTI_Driver_Init                                  STM32F103C8T6\DRIVERS\EXTI_DRIVER\EXTI_Driver.o
EXTI_Driver_Rising_Trigger_Clear                  STM32F103C8T6\DRIVERS\EXTI_DRIVER\EXTI_Driver.o
EXTI_Driver_Rising_Trigger_Select                 STM32F103C8T6\DRIVERS\EXTI_DRIVER\EXTI_Driver.o
EXTI_GenerateSWInterrupt                          Libraries\STM32F10x_StdPeriph_Driver\src\stm32f10x_exti.o
EXTI_GetFlagStatus                                Libraries\STM32F10x_StdPeriph_Driver\src\stm32f10x_exti.o
EXTI_GetITStatus                                  Libraries\STM32F10x_StdPeriph_Driver\src\stm32f10x_exti.o
EXTI_Init                                         Libraries\STM32F10x_StdPeriph_Driver\src\stm32f10x_exti.o
EXTI_StructInit                                   Libraries\STM32F10x_StdPeriph_Driver\src\stm32f10x_exti.o
FLASH_ClearFlag                                   Libraries\STM32F10x_StdPeriph_Driver\src\stm32f10x_flash.o
FLASH_Driver_Erease_Page                          STM32F103C8T6\DRIVERS\FLASH_DRIVER\FLASH_Driver.o
FLASH_Driver_Lock                                 STM32F103C8T6\DRIVERS\FLASH_DRIVER\FLASH_Driver.o
FLASH_Driver_Mass_Erease                          STM32F103C8T6\DRIVERS\FLASH_DRIVER\FLASH_Driver.o
FLASH_Driver_Program                              STM32F103C8T6\DRIVERS\FLASH_DRIVER\FLASH_Driver.o
FLASH_Driver_Read                                 STM32F103C8T6\DRIVERS\FLASH_DRIVER\FLASH_Driver.o
FLASH_Driver_UnLock                               STM32F103C8T6\DRIVERS\FLASH_DRIVER\FLASH_Driver.o
FLASH_EnableWriteProtection                       Libraries\STM32F10x_StdPeriph_Driver\src\stm32f10x_flash.o
FLASH_EraseAllBank1Pages                          Libraries\STM32F10x_StdPeriph_Driver\src\stm32f10x_flash.o
FLASH_EraseAllPages                               Libraries\STM32F10x_StdPeriph_Driver\src\stm32f10x_flash.o
FLASH_EraseOptionBytes                            Libraries\STM32F10x_StdPeriph_Driver\src\stm32f10x_flash.o
FLASH_ErasePage                                   Libraries\STM32F10x_StdPeriph_Driver\src\stm32f10x_flash.o
FLASH_GetBank1Status                              Libraries\STM32F10x_StdPeriph_Driver\src\stm32f10x_flash.o
FLASH_GetFlagStatus                               Libraries\STM32F10x_StdPeriph_Driver\src\stm32f10x_flash.o
FLASH_GetPrefetchBufferStatus                     Libraries\STM32F10x_StdPeriph_Driver\src\stm32f10x_flash.o
FLASH_GetReadOutProtectionStatus                  Libraries\STM32F10x_StdPeriph_Driver\src\stm32f10x_flash.o
FLASH_GetStatus                                   Libraries\STM32F10x_StdPeriph_Driver\src\stm32f10x_flash.o
FLASH_GetUserOptionByte                           Libraries\STM32F10x_StdPeriph_Driver\src\stm32f10x_flash.o
FLASH_GetWriteProtectionOptionByte                Libraries\STM32F10x_StdPeriph_Driver\src\stm32f10x_flash.o
FLASH_HalfCycleAccessCmd                          Libraries\STM32F10x_StdPeriph_Driver\src\stm32f10x_flash.o
FLASH_IRQHandler                                  src\startup_stm32f10x_md.o
FLASH_ITConfig                                    Libraries\STM32F10x_StdPeriph_Driver\src\stm32f10x_flash.o
FLASH_Lock                                        Libraries\STM32F10x_StdPeriph_Driver\src\stm32f10x_flash.o
FLASH_LockBank1                                   Libraries\STM32F10x_StdPeriph_Driver\src\stm32f10x_flash.o
FLASH_PrefetchBufferCmd                           Libraries\STM32F10x_StdPeriph_Driver\src\stm32f10x_flash.o
FLASH_ProgramHalfWord                             Libraries\STM32F10x_StdPeriph_Driver\src\stm32f10x_flash.o
FLASH_ProgramOptionByteData                       Libraries\STM32F10x_StdPeriph_Driver\src\stm32f10x_flash.o
FLASH_ProgramWord                                 Libraries\STM32F10x_StdPeriph_Driver\src\stm32f10x_flash.o
FLASH_ReadOutProtection                           Libraries\STM32F10x_StdPeriph_Driver\src\stm32f10x_flash.o
FLASH_SetLatency                                  Libraries\STM32F10x_StdPeriph_Driver\src\stm32f10x_flash.o
FLASH_Unlock                                      Libraries\STM32F10x_StdPeriph_Driver\src\stm32f10x_flash.o
FLASH_UnlockBank1                                 Libraries\STM32F10x_StdPeriph_Driver\src\stm32f10x_flash.o
FLASH_UserOptionByteConfig                        Libraries\STM32F10x_StdPeriph_Driver\src\stm32f10x_flash.o
FLASH_WaitForLastBank1Operation                   Libraries\STM32F10x_StdPeriph_Driver\src\stm32f10x_flash.o
FLASH_WaitForLastOperation                        Libraries\STM32F10x_StdPeriph_Driver\src\stm32f10x_flash.o
FSMC_ClearFlag                                    Libraries\STM32F10x_StdPeriph_Driver\src\stm32f10x_fsmc.o
FSMC_ClearITPendingBit                            Libraries\STM32F10x_StdPeriph_Driver\src\stm32f10x_fsmc.o
FSMC_GetECC                                       Libraries\STM32F10x_StdPeriph_Driver\src\stm32f10x_fsmc.o
FSMC_GetFlagStatus                                Libraries\STM32F10x_StdPeriph_Driver\src\stm32f10x_fsmc.o
FSMC_GetITStatus                                  Libraries\STM32F10x_StdPeriph_Driver\src\stm32f10x_fsmc.o
FSMC_ITConfig                                     Libraries\STM32F10x_StdPeriph_Driver\src\stm32f10x_fsmc.o
FSMC_NANDCmd                                      Libraries\STM32F10x_StdPeriph_Driver\src\stm32f10x_fsmc.o
FSMC_NANDDeInit                                   Libraries\STM32F10x_StdPeriph_Driver\src\stm32f10x_fsmc.o
FSMC_NANDECCCmd                                   Libraries\STM32F10x_StdPeriph_Driver\src\stm32f10x_fsmc.o
FSMC_NANDInit                                     Libraries\STM32F10x_StdPeriph_Driver\src\stm32f10x_fsmc.o
FSMC_NANDStructInit                               Libraries\STM32F10x_StdPeriph_Driver\src\stm32f10x_fsmc.o
FSMC_NORSRAMCmd                                   Libraries\STM32F10x_StdPeriph_Driver\src\stm32f10x_fsmc.o
FSMC_NORSRAMDeInit                                Libraries\STM32F10x_StdPeriph_Driver\src\stm32f10x_fsmc.o
FSMC_NORSRAMInit                                  Libraries\STM32F10x_StdPeriph_Driver\src\stm32f10x_fsmc.o
FSMC_NORSRAMStructInit                            Libraries\STM32F10x_StdPeriph_Driver\src\stm32f10x_fsmc.o
FSMC_PCCARDCmd                                    Libraries\STM32F10x_StdPeriph_Driver\src\stm32f10x_fsmc.o
FSMC_PCCARDDeInit                                 Libraries\STM32F10x_StdPeriph_Driver\src\stm32f10x_fsmc.o
FSMC_PCCARDInit                                   Libraries\STM32F10x_StdPeriph_Driver\src\stm32f10x_fsmc.o
FSMC_PCCARDStructInit                             Libraries\STM32F10x_StdPeriph_Driver\src\stm32f10x_fsmc.o
GPIO_AFIODeInit                                   Libraries\STM32F10x_StdPeriph_Driver\src\stm32f10x_gpio.o
GPIO_CONF_SETUP                                   STM32F103C8T6\DRIVERS\GPIO_DRIVER\GPIO_Driver_Cfg.o
GPIO_DeInit                                       Libraries\STM32F10x_StdPeriph_Driver\src\stm32f10x_gpio.o
GPIO_Driver_ClearPin                              STM32F103C8T6\DRIVERS\GPIO_DRIVER\GPIO_Driver.o
                                                  STM32F103C8T6\MODULES\HARDWARE_MODULES\LED_MODULE\LED_Module.o
                                                  STM32F103C8T6\DRIVERS\SPI_DRIVER\SPI_Driver.o
GPIO_Driver_Init                                  STM32F103C8T6\DRIVERS\GPIO_DRIVER\GPIO_Driver.o
                                                  src\main.o
GPIO_Driver_Lambda_function                       STM32F103C8T6\DRIVERS\GPIO_DRIVER\GPIO_Driver_Cfg.o
GPIO_Driver_ReadInputData                         STM32F103C8T6\DRIVERS\GPIO_DRIVER\GPIO_Driver.o
GPIO_Driver_ReadInputDataBit                      STM32F103C8T6\DRIVERS\GPIO_DRIVER\GPIO_Driver.o
                                                  STM32F103C8T6\MODULES\HARDWARE_MODULES\BUTTON_MODULE\BUTTON_Module.o
GPIO_Driver_ReadOutputData                        STM32F103C8T6\DRIVERS\GPIO_DRIVER\GPIO_Driver.o
GPIO_Driver_SetPin                                STM32F103C8T6\DRIVERS\GPIO_DRIVER\GPIO_Driver.o
                                                  STM32F103C8T6\MODULES\HARDWARE_MODULES\LED_MODULE\LED_Module.o
                                                  STM32F103C8T6\DRIVERS\SPI_DRIVER\SPI_Driver.o
GPIO_ETH_MediaInterfaceConfig                     Libraries\STM32F10x_StdPeriph_Driver\src\stm32f10x_gpio.o
GPIO_EXTILineConfig                               Libraries\STM32F10x_StdPeriph_Driver\src\stm32f10x_gpio.o
GPIO_EventOutputCmd                               Libraries\STM32F10x_StdPeriph_Driver\src\stm32f10x_gpio.o
GPIO_EventOutputConfig                            Libraries\STM32F10x_StdPeriph_Driver\src\stm32f10x_gpio.o
GPIO_Init                                         Libraries\STM32F10x_StdPeriph_Driver\src\stm32f10x_gpio.o
GPIO_PinLockConfig                                Libraries\STM32F10x_StdPeriph_Driver\src\stm32f10x_gpio.o
GPIO_PinRemapConfig                               Libraries\STM32F10x_StdPeriph_Driver\src\stm32f10x_gpio.o
GPIO_ReadInputData                                Libraries\STM32F10x_StdPeriph_Driver\src\stm32f10x_gpio.o
GPIO_ReadInputDataBit                             Libraries\STM32F10x_StdPeriph_Driver\src\stm32f10x_gpio.o
GPIO_ReadOutputData                               Libraries\STM32F10x_StdPeriph_Driver\src\stm32f10x_gpio.o
GPIO_ReadOutputDataBit                            Libraries\STM32F10x_StdPeriph_Driver\src\stm32f10x_gpio.o
GPIO_ResetBits                                    Libraries\STM32F10x_StdPeriph_Driver\src\stm32f10x_gpio.o
GPIO_SETUP                                        STM32F103C8T6\DRIVERS\GPIO_DRIVER\GPIO_Driver_Cfg.o
                                                  STM32F103C8T6\DRIVERS\GPIO_DRIVER\GPIO_Driver.o
GPIO_SetBits                                      Libraries\STM32F10x_StdPeriph_Driver\src\stm32f10x_gpio.o
GPIO_StructInit                                   Libraries\STM32F10x_StdPeriph_Driver\src\stm32f10x_gpio.o
GPIO_Write                                        Libraries\STM32F10x_StdPeriph_Driver\src\stm32f10x_gpio.o
GPIO_WriteBit                                     Libraries\STM32F10x_StdPeriph_Driver\src\stm32f10x_gpio.o
HWCRC_Driver_Calculate_CRC                        STM32F103C8T6\DRIVERS\HWCRC_DRIVER\HWCRC_Driver.o
HWCRC_Driver_Init                                 STM32F103C8T6\DRIVERS\HWCRC_DRIVER\HWCRC_Driver.o
HWCRC_Driver_Reset                                STM32F103C8T6\DRIVERS\HWCRC_DRIVER\HWCRC_Driver.o
HWENCODER_Driver_Get_Count_Value                  STM32F103C8T6\DRIVERS\HWENCODER_DRIVER\HWENCODER_Driver.o
HWENCODER_Driver_Init                             STM32F103C8T6\DRIVERS\HWENCODER_DRIVER\HWENCODER_Driver.o
HardFault_Handler                                 src\startup_stm32f10x_md.o
I2C1_ER_IRQHandler                                src\startup_stm32f10x_md.o
I2C1_EV_IRQHandler                                src\startup_stm32f10x_md.o
I2C2_ER_IRQHandler                                src\startup_stm32f10x_md.o
I2C2_EV_IRQHandler                                src\startup_stm32f10x_md.o
I2C_ARPCmd                                        Libraries\STM32F10x_StdPeriph_Driver\src\stm32f10x_i2c.o
I2C_AcknowledgeConfig                             Libraries\STM32F10x_StdPeriph_Driver\src\stm32f10x_i2c.o
I2C_CalculatePEC                                  Libraries\STM32F10x_StdPeriph_Driver\src\stm32f10x_i2c.o
I2C_CheckEvent                                    Libraries\STM32F10x_StdPeriph_Driver\src\stm32f10x_i2c.o
I2C_ClearFlag                                     Libraries\STM32F10x_StdPeriph_Driver\src\stm32f10x_i2c.o
I2C_ClearITPendingBit                             Libraries\STM32F10x_StdPeriph_Driver\src\stm32f10x_i2c.o
I2C_Cmd                                           Libraries\STM32F10x_StdPeriph_Driver\src\stm32f10x_i2c.o
I2C_DMACmd                                        Libraries\STM32F10x_StdPeriph_Driver\src\stm32f10x_i2c.o
I2C_DMALastTransferCmd                            Libraries\STM32F10x_StdPeriph_Driver\src\stm32f10x_i2c.o
I2C_DeInit                                        Libraries\STM32F10x_StdPeriph_Driver\src\stm32f10x_i2c.o
I2C_DualAddressCmd                                Libraries\STM32F10x_StdPeriph_Driver\src\stm32f10x_i2c.o
I2C_FastModeDutyCycleConfig                       Libraries\STM32F10x_StdPeriph_Driver\src\stm32f10x_i2c.o
I2C_GeneralCallCmd                                Libraries\STM32F10x_StdPeriph_Driver\src\stm32f10x_i2c.o
I2C_GenerateSTART                                 Libraries\STM32F10x_StdPeriph_Driver\src\stm32f10x_i2c.o
I2C_GenerateSTOP                                  Libraries\STM32F10x_StdPeriph_Driver\src\stm32f10x_i2c.o
I2C_GetFlagStatus                                 Libraries\STM32F10x_StdPeriph_Driver\src\stm32f10x_i2c.o
I2C_GetITStatus                                   Libraries\STM32F10x_StdPeriph_Driver\src\stm32f10x_i2c.o
I2C_GetLastEvent                                  Libraries\STM32F10x_StdPeriph_Driver\src\stm32f10x_i2c.o
I2C_GetPEC                                        Libraries\STM32F10x_StdPeriph_Driver\src\stm32f10x_i2c.o
I2C_ITConfig                                      Libraries\STM32F10x_StdPeriph_Driver\src\stm32f10x_i2c.o
I2C_Init                                          Libraries\STM32F10x_StdPeriph_Driver\src\stm32f10x_i2c.o
I2C_NACKPositionConfig                            Libraries\STM32F10x_StdPeriph_Driver\src\stm32f10x_i2c.o
I2C_OwnAddress2Config                             Libraries\STM32F10x_StdPeriph_Driver\src\stm32f10x_i2c.o
I2C_PECPositionConfig                             Libraries\STM32F10x_StdPeriph_Driver\src\stm32f10x_i2c.o
I2C_ReadRegister                                  Libraries\STM32F10x_StdPeriph_Driver\src\stm32f10x_i2c.o
I2C_ReceiveData                                   Libraries\STM32F10x_StdPeriph_Driver\src\stm32f10x_i2c.o
I2C_SMBusAlertConfig                              Libraries\STM32F10x_StdPeriph_Driver\src\stm32f10x_i2c.o
I2C_Send7bitAddress                               Libraries\STM32F10x_StdPeriph_Driver\src\stm32f10x_i2c.o
I2C_SendData                                      Libraries\STM32F10x_StdPeriph_Driver\src\stm32f10x_i2c.o
I2C_SoftwareResetCmd                              Libraries\STM32F10x_StdPeriph_Driver\src\stm32f10x_i2c.o
I2C_StretchClockCmd                               Libraries\STM32F10x_StdPeriph_Driver\src\stm32f10x_i2c.o
I2C_StructInit                                    Libraries\STM32F10x_StdPeriph_Driver\src\stm32f10x_i2c.o
I2C_TransmitPEC                                   Libraries\STM32F10x_StdPeriph_Driver\src\stm32f10x_i2c.o
I2S_Cmd                                           Libraries\STM32F10x_StdPeriph_Driver\src\stm32f10x_spi.o
I2S_Init                                          Libraries\STM32F10x_StdPeriph_Driver\src\stm32f10x_spi.o
I2S_StructInit                                    Libraries\STM32F10x_StdPeriph_Driver\src\stm32f10x_spi.o
IWDG_Enable                                       Libraries\STM32F10x_StdPeriph_Driver\src\stm32f10x_iwdg.o
IWDG_GetFlagStatus                                Libraries\STM32F10x_StdPeriph_Driver\src\stm32f10x_iwdg.o
IWDG_ReloadCounter                                Libraries\STM32F10x_StdPeriph_Driver\src\stm32f10x_iwdg.o
IWDG_SetPrescaler                                 Libraries\STM32F10x_StdPeriph_Driver\src\stm32f10x_iwdg.o
IWDG_SetReload                                    Libraries\STM32F10x_StdPeriph_Driver\src\stm32f10x_iwdg.o
IWDG_WriteAccessCmd                               Libraries\STM32F10x_StdPeriph_Driver\src\stm32f10x_iwdg.o
JOYSTICK_Dirrection_Measurement                   STM32F103C8T6\MODULES\HARDWARE_MODULES\BUTTON_MODULE\JOYSTICK_MODULE\JOYSTICK_Module.o
JOYSTICK_Get_X_Value                              STM32F103C8T6\MODULES\HARDWARE_MODULES\BUTTON_MODULE\JOYSTICK_MODULE\JOYSTICK_Module.o
JOYSTICK_Get_Y_Value                              STM32F103C8T6\MODULES\HARDWARE_MODULES\BUTTON_MODULE\JOYSTICK_MODULE\JOYSTICK_Module.o
JOYSTICK_Module_Init_Cfg                          STM32F103C8T6\MODULES\HARDWARE_MODULES\BUTTON_MODULE\JOYSTICK_MODULE\JOYSTICK_Module_Cfg.o
JOYSTICK_Module_Pressed                           STM32F103C8T6\MODULES\HARDWARE_MODULES\BUTTON_MODULE\JOYSTICK_MODULE\JOYSTICK_Module.o
JOYSTICK_SETUP                                    STM32F103C8T6\MODULES\HARDWARE_MODULES\BUTTON_MODULE\JOYSTICK_MODULE\JOYSTICK_Module_Cfg.o
                                                  STM32F103C8T6\MODULES\HARDWARE_MODULES\BUTTON_MODULE\JOYSTICK_MODULE\JOYSTICK_Module.o
LED_Module_Init_Cfg                               STM32F103C8T6\MODULES\HARDWARE_MODULES\LED_MODULE\LED_Module_Cfg.o
                                                  STM32F103C8T6\MODULES\HARDWARE_MODULES\LED_MODULE\LEVEL_INDICATOR_MODULE\LEVEL_INDICATOR_Module_Cfg.o
LED_Module_Set_Dimming                            STM32F103C8T6\MODULES\HARDWARE_MODULES\LED_MODULE\LED_Module.o
                                                  STM32F103C8T6\MODULES\HARDWARE_MODULES\LED_MODULE\LEVEL_INDICATOR_MODULE\LEVEL_INDICATOR_Module.o
LED_Module_Set_Off                                STM32F103C8T6\MODULES\HARDWARE_MODULES\LED_MODULE\LED_Module.o
                                                  STM32F103C8T6\MODULES\HARDWARE_MODULES\LED_MODULE\LEVEL_INDICATOR_MODULE\LEVEL_INDICATOR_Module.o
LED_Module_Set_On                                 STM32F103C8T6\MODULES\HARDWARE_MODULES\LED_MODULE\LED_Module.o
                                                  STM32F103C8T6\MODULES\HARDWARE_MODULES\LED_MODULE\LEVEL_INDICATOR_MODULE\LEVEL_INDICATOR_Module.o
LED_SETUP                                         STM32F103C8T6\MODULES\HARDWARE_MODULES\LED_MODULE\LED_Module_Cfg.o
                                                  STM32F103C8T6\MODULES\HARDWARE_MODULES\LED_MODULE\LED_Module.o
LEVEL_INDICATOR_Module_Clear                      STM32F103C8T6\MODULES\HARDWARE_MODULES\LED_MODULE\LEVEL_INDICATOR_MODULE\LEVEL_INDICATOR_Module.o
LEVEL_INDICATOR_Module_Init_Cfg                   STM32F103C8T6\MODULES\HARDWARE_MODULES\LED_MODULE\LEVEL_INDICATOR_MODULE\LEVEL_INDICATOR_Module_Cfg.o
LEVEL_INDICATOR_Module_Set_Dimming                STM32F103C8T6\MODULES\HARDWARE_MODULES\LED_MODULE\LEVEL_INDICATOR_MODULE\LEVEL_INDICATOR_Module.o
LEVEL_INDICATOR_Module_Update_Display             STM32F103C8T6\MODULES\HARDWARE_MODULES\LED_MODULE\LEVEL_INDICATOR_MODULE\LEVEL_INDICATOR_Module.o
LEVEL_INDICATOR_SETUP                             STM32F103C8T6\MODULES\HARDWARE_MODULES\LED_MODULE\LEVEL_INDICATOR_MODULE\LEVEL_INDICATOR_Module_Cfg.o
                                                  STM32F103C8T6\MODULES\HARDWARE_MODULES\LED_MODULE\LEVEL_INDICATOR_MODULE\LEVEL_INDICATOR_Module.o
LIN_Driver_Init                                   STM32F103C8T6\DRIVERS\LIN_DRIVER\Lin_Driver.o
LIN_Driver_Init_Cfg                               STM32F103C8T6\DRIVERS\LIN_DRIVER\Lin_Driver_Cfg.o
                                                  STM32F103C8T6\DRIVERS\LIN_DRIVER\Lin_Driver.o
LIN_Driver_PID_Calculator                         STM32F103C8T6\DRIVERS\LIN_DRIVER\Lin_Driver.o
LIN_Driver_SendBreak                              STM32F103C8T6\DRIVERS\LIN_DRIVER\Lin_Driver.o
LIN_Driver_SendData                               STM32F103C8T6\DRIVERS\LIN_DRIVER\Lin_Driver.o
LIN_Driver_SendID                                 STM32F103C8T6\DRIVERS\LIN_DRIVER\Lin_Driver.o
LIN_Driver_Start                                  STM32F103C8T6\DRIVERS\LIN_DRIVER\Lin_Driver.o
LIN_SETUP                                         STM32F103C8T6\DRIVERS\LIN_DRIVER\Lin_Driver_Cfg.o
                                                  STM32F103C8T6\DRIVERS\LIN_DRIVER\Lin_Driver.o
MemManage_Handler                                 src\startup_stm32f10x_md.o
NMI_Handler                                       src\startup_stm32f10x_md.o
NOKIA_5110_Driver_ClearScreen                     STM32F103C8T6\MODULES\HARDWARE_MODULES\DISPLAY_MODULE\NOKIA_5110_DISPLAY_MODULE\NOKIA_5110_LCD_Driver.o
NOKIA_5110_Driver_Init                            STM32F103C8T6\MODULES\HARDWARE_MODULES\DISPLAY_MODULE\NOKIA_5110_DISPLAY_MODULE\NOKIA_5110_LCD_Driver.o
NOKIA_5110_Driver_Off                             STM32F103C8T6\MODULES\HARDWARE_MODULES\DISPLAY_MODULE\NOKIA_5110_DISPLAY_MODULE\NOKIA_5110_LCD_Driver.o
NOKIA_5110_Driver_On                              STM32F103C8T6\MODULES\HARDWARE_MODULES\DISPLAY_MODULE\NOKIA_5110_DISPLAY_MODULE\NOKIA_5110_LCD_Driver.o
NOKIA_5110_Driver_Reset                           STM32F103C8T6\MODULES\HARDWARE_MODULES\DISPLAY_MODULE\NOKIA_5110_DISPLAY_MODULE\NOKIA_5110_LCD_Driver.o
NOKIA_5110_Driver_SendByte                        STM32F103C8T6\MODULES\HARDWARE_MODULES\DISPLAY_MODULE\NOKIA_5110_DISPLAY_MODULE\NOKIA_5110_LCD_Driver.o
NOKIA_5110_Driver_SendChar                        STM32F103C8T6\MODULES\HARDWARE_MODULES\DISPLAY_MODULE\NOKIA_5110_DISPLAY_MODULE\NOKIA_5110_LCD_Driver.o
NOKIA_5110_Driver_SendCommand                     STM32F103C8T6\MODULES\HARDWARE_MODULES\DISPLAY_MODULE\NOKIA_5110_DISPLAY_MODULE\NOKIA_5110_LCD_Driver.o
NOKIA_5110_Driver_SendNum_1                       STM32F103C8T6\MODULES\HARDWARE_MODULES\DISPLAY_MODULE\NOKIA_5110_DISPLAY_MODULE\NOKIA_5110_LCD_Driver.o
NOKIA_5110_Driver_SendNum_n                       STM32F103C8T6\MODULES\HARDWARE_MODULES\DISPLAY_MODULE\NOKIA_5110_DISPLAY_MODULE\NOKIA_5110_LCD_Driver.o
NOKIA_5110_Driver_SendStr                         STM32F103C8T6\MODULES\HARDWARE_MODULES\DISPLAY_MODULE\NOKIA_5110_DISPLAY_MODULE\NOKIA_5110_LCD_Driver.o
NOKIA_5110_Driver_SetXYcoordinates                STM32F103C8T6\MODULES\HARDWARE_MODULES\DISPLAY_MODULE\NOKIA_5110_DISPLAY_MODULE\NOKIA_5110_LCD_Driver.o
NVIC_Driver_ClearInterrupt                        STM32F103C8T6\DRIVERS\NVIC_DRIVER\NVIC_Driver.o
NVIC_Driver_PriorityGroupConfig                   STM32F103C8T6\DRIVERS\NVIC_DRIVER\NVIC_Driver.o
                                                  STM32F103C8T6\DRIVERS\SYSTICK_DRIVER\SYSTICK_Driver.o
NVIC_Driver_SetInterrupt                          STM32F103C8T6\DRIVERS\NVIC_DRIVER\NVIC_Driver.o
NVIC_Driver_Set_SYSTICK_Interrupt                 STM32F103C8T6\DRIVERS\NVIC_DRIVER\NVIC_Driver.o
                                                  STM32F103C8T6\DRIVERS\SYSTICK_DRIVER\SYSTICK_Driver.o
NVIC_Init                                         Libraries\STM32F10x_StdPeriph_Driver\src\misc.o
NVIC_PriorityGroupConfig                          Libraries\STM32F10x_StdPeriph_Driver\src\misc.o
NVIC_SetVectorTable                               Libraries\STM32F10x_StdPeriph_Driver\src\misc.o
NVIC_SystemLPConfig                               Libraries\STM32F10x_StdPeriph_Driver\src\misc.o
PVD_IRQHandler                                    src\startup_stm32f10x_md.o
PWM_CONF_SETUP                                    STM32F103C8T6\DRIVERS\PWM_DRIVER\PWM_Driver_Cfg.o
PWM_Driver_Init                                   STM32F103C8T6\DRIVERS\PWM_DRIVER\PWM_Driver.o
PWM_Driver_SetDutyCylce                           STM32F103C8T6\DRIVERS\PWM_DRIVER\PWM_Driver.o
PWM_SETUP                                         STM32F103C8T6\DRIVERS\PWM_DRIVER\PWM_Driver_Cfg.o
                                                  STM32F103C8T6\DRIVERS\PWM_DRIVER\PWM_Driver.o
PWR_BackupAccessCmd                               Libraries\STM32F10x_StdPeriph_Driver\src\stm32f10x_pwr.o
PWR_ClearFlag                                     Libraries\STM32F10x_StdPeriph_Driver\src\stm32f10x_pwr.o
PWR_DeInit                                        Libraries\STM32F10x_StdPeriph_Driver\src\stm32f10x_pwr.o
PWR_EnterSTANDBYMode                              Libraries\STM32F10x_StdPeriph_Driver\src\stm32f10x_pwr.o
PWR_EnterSTOPMode                                 Libraries\STM32F10x_StdPeriph_Driver\src\stm32f10x_pwr.o
PWR_GetFlagStatus                                 Libraries\STM32F10x_StdPeriph_Driver\src\stm32f10x_pwr.o
PWR_PVDCmd                                        Libraries\STM32F10x_StdPeriph_Driver\src\stm32f10x_pwr.o
PWR_PVDLevelConfig                                Libraries\STM32F10x_StdPeriph_Driver\src\stm32f10x_pwr.o
PWR_WakeUpPinCmd                                  Libraries\STM32F10x_StdPeriph_Driver\src\stm32f10x_pwr.o
PendSV_Handler                                    src\startup_stm32f10x_md.o
RCC_ADCCLKConfig                                  Libraries\STM32F10x_StdPeriph_Driver\src\stm32f10x_rcc.o
RCC_AHBPeriphClockCmd                             Libraries\STM32F10x_StdPeriph_Driver\src\stm32f10x_rcc.o
RCC_APB1PeriphClockCmd                            Libraries\STM32F10x_StdPeriph_Driver\src\stm32f10x_rcc.o
RCC_APB1PeriphResetCmd                            Libraries\STM32F10x_StdPeriph_Driver\src\stm32f10x_rcc.o
                                                  Libraries\STM32F10x_StdPeriph_Driver\src\stm32f10x_wwdg.o
                                                  Libraries\STM32F10x_StdPeriph_Driver\src\stm32f10x_usart.o
                                                  Libraries\STM32F10x_StdPeriph_Driver\src\stm32f10x_tim.o
                                                  Libraries\STM32F10x_StdPeriph_Driver\src\stm32f10x_spi.o
                                                  Libraries\STM32F10x_StdPeriph_Driver\src\stm32f10x_pwr.o
                                                  Libraries\STM32F10x_StdPeriph_Driver\src\stm32f10x_i2c.o
                                                  Libraries\STM32F10x_StdPeriph_Driver\src\stm32f10x_dac.o
                                                  Libraries\STM32F10x_StdPeriph_Driver\src\stm32f10x_cec.o
                                                  Libraries\STM32F10x_StdPeriph_Driver\src\stm32f10x_can.o
RCC_APB2PeriphClockCmd                            Libraries\STM32F10x_StdPeriph_Driver\src\stm32f10x_rcc.o
RCC_APB2PeriphResetCmd                            Libraries\STM32F10x_StdPeriph_Driver\src\stm32f10x_rcc.o
                                                  Libraries\STM32F10x_StdPeriph_Driver\src\stm32f10x_usart.o
                                                  Libraries\STM32F10x_StdPeriph_Driver\src\stm32f10x_tim.o
                                                  Libraries\STM32F10x_StdPeriph_Driver\src\stm32f10x_spi.o
                                                  Libraries\STM32F10x_StdPeriph_Driver\src\stm32f10x_gpio.o
                                                  Libraries\STM32F10x_StdPeriph_Driver\src\stm32f10x_adc.o
RCC_AdjustHSICalibrationValue                     Libraries\STM32F10x_StdPeriph_Driver\src\stm32f10x_rcc.o
RCC_BackupResetCmd                                Libraries\STM32F10x_StdPeriph_Driver\src\stm32f10x_rcc.o
                                                  Libraries\STM32F10x_StdPeriph_Driver\src\stm32f10x_bkp.o
RCC_ClearFlag                                     Libraries\STM32F10x_StdPeriph_Driver\src\stm32f10x_rcc.o
RCC_ClearITPendingBit                             Libraries\STM32F10x_StdPeriph_Driver\src\stm32f10x_rcc.o
RCC_ClockSecuritySystemCmd                        Libraries\STM32F10x_StdPeriph_Driver\src\stm32f10x_rcc.o
RCC_DeInit                                        Libraries\STM32F10x_StdPeriph_Driver\src\stm32f10x_rcc.o
RCC_GetClocksFreq                                 Libraries\STM32F10x_StdPeriph_Driver\src\stm32f10x_rcc.o
                                                  Libraries\STM32F10x_StdPeriph_Driver\src\stm32f10x_usart.o
                                                  Libraries\STM32F10x_StdPeriph_Driver\src\stm32f10x_spi.o
                                                  Libraries\STM32F10x_StdPeriph_Driver\src\stm32f10x_i2c.o
RCC_GetFlagStatus                                 Libraries\STM32F10x_StdPeriph_Driver\src\stm32f10x_rcc.o
RCC_GetITStatus                                   Libraries\STM32F10x_StdPeriph_Driver\src\stm32f10x_rcc.o
RCC_GetSYSCLKSource                               Libraries\STM32F10x_StdPeriph_Driver\src\stm32f10x_rcc.o
RCC_HCLKConfig                                    Libraries\STM32F10x_StdPeriph_Driver\src\stm32f10x_rcc.o
RCC_HSEConfig                                     Libraries\STM32F10x_StdPeriph_Driver\src\stm32f10x_rcc.o
RCC_HSICmd                                        Libraries\STM32F10x_StdPeriph_Driver\src\stm32f10x_rcc.o
RCC_IRQHandler                                    src\startup_stm32f10x_md.o
RCC_ITConfig                                      Libraries\STM32F10x_StdPeriph_Driver\src\stm32f10x_rcc.o
RCC_LSEConfig                                     Libraries\STM32F10x_StdPeriph_Driver\src\stm32f10x_rcc.o
RCC_LSICmd                                        Libraries\STM32F10x_StdPeriph_Driver\src\stm32f10x_rcc.o
RCC_MCOConfig                                     Libraries\STM32F10x_StdPeriph_Driver\src\stm32f10x_rcc.o
RCC_PCLK1Config                                   Libraries\STM32F10x_StdPeriph_Driver\src\stm32f10x_rcc.o
RCC_PCLK2Config                                   Libraries\STM32F10x_StdPeriph_Driver\src\stm32f10x_rcc.o
RCC_PLLCmd                                        Libraries\STM32F10x_StdPeriph_Driver\src\stm32f10x_rcc.o
RCC_PLLConfig                                     Libraries\STM32F10x_StdPeriph_Driver\src\stm32f10x_rcc.o
RCC_RTCCLKCmd                                     Libraries\STM32F10x_StdPeriph_Driver\src\stm32f10x_rcc.o
RCC_RTCCLKConfig                                  Libraries\STM32F10x_StdPeriph_Driver\src\stm32f10x_rcc.o
RCC_SYSCLKConfig                                  Libraries\STM32F10x_StdPeriph_Driver\src\stm32f10x_rcc.o
RCC_USBCLKConfig                                  Libraries\STM32F10x_StdPeriph_Driver\src\stm32f10x_rcc.o
RCC_WaitForHSEStartUp                             Libraries\STM32F10x_StdPeriph_Driver\src\stm32f10x_rcc.o
RFID_Module_MFRC522_Check                         STM32F103C8T6\MODULES\HARDWARE_MODULES\RADIO_MODULE\RFID_MODULE\RFID_Module.o
RFID_Module_MFRC522_Compare                       STM32F103C8T6\MODULES\HARDWARE_MODULES\RADIO_MODULE\RFID_MODULE\RFID_Module.o
RTCAlarm_IRQHandler                               src\startup_stm32f10x_md.o
RTC_ClearFlag                                     Libraries\STM32F10x_StdPeriph_Driver\src\stm32f10x_rtc.o
RTC_ClearITPendingBit                             Libraries\STM32F10x_StdPeriph_Driver\src\stm32f10x_rtc.o
RTC_Driver_Callback_Function                      STM32F103C8T6\DRIVERS\RTC_DRIVER\RTC_Driver_Cfg.o
RTC_Driver_Init                                   STM32F103C8T6\DRIVERS\RTC_DRIVER\RTC_Driver.o
RTC_Driver_Interrupt_Callback                     STM32F103C8T6\DRIVERS\SYSTEM_DRIVER\SYSTEM_Driver.o
                                                  STM32F103C8T6\DRIVERS\RTC_DRIVER\RTC_Driver_Cfg.o
                                                  STM32F103C8T6\DRIVERS\RTC_DRIVER\RTC_Driver.o
RTC_Driver_Read_SecondStatus                      STM32F103C8T6\DRIVERS\RTC_DRIVER\RTC_Driver.o
RTC_Driver_Synchronize                            STM32F103C8T6\DRIVERS\RTC_DRIVER\RTC_Driver.o
RTC_EnterConfigMode                               Libraries\STM32F10x_StdPeriph_Driver\src\stm32f10x_rtc.o
RTC_ExitConfigMode                                Libraries\STM32F10x_StdPeriph_Driver\src\stm32f10x_rtc.o
RTC_GetCounter                                    Libraries\STM32F10x_StdPeriph_Driver\src\stm32f10x_rtc.o
RTC_GetDivider                                    Libraries\STM32F10x_StdPeriph_Driver\src\stm32f10x_rtc.o
RTC_GetFlagStatus                                 Libraries\STM32F10x_StdPeriph_Driver\src\stm32f10x_rtc.o
RTC_GetITStatus                                   Libraries\STM32F10x_StdPeriph_Driver\src\stm32f10x_rtc.o
RTC_IRQHandler                                    src\startup_stm32f10x_md.o
RTC_ITConfig                                      Libraries\STM32F10x_StdPeriph_Driver\src\stm32f10x_rtc.o
RTC_SetAlarm                                      Libraries\STM32F10x_StdPeriph_Driver\src\stm32f10x_rtc.o
RTC_SetCounter                                    Libraries\STM32F10x_StdPeriph_Driver\src\stm32f10x_rtc.o
RTC_SetPrescaler                                  Libraries\STM32F10x_StdPeriph_Driver\src\stm32f10x_rtc.o
RTC_WaitForLastTask                               Libraries\STM32F10x_StdPeriph_Driver\src\stm32f10x_rtc.o
RTC_WaitForSynchro                                Libraries\STM32F10x_StdPeriph_Driver\src\stm32f10x_rtc.o
Reset_Handler                                     src\startup_stm32f10x_md.o
SDIO_CEATAITCmd                                   Libraries\STM32F10x_StdPeriph_Driver\src\stm32f10x_sdio.o
SDIO_ClearFlag                                    Libraries\STM32F10x_StdPeriph_Driver\src\stm32f10x_sdio.o
SDIO_ClearITPendingBit                            Libraries\STM32F10x_StdPeriph_Driver\src\stm32f10x_sdio.o
SDIO_ClockCmd                                     Libraries\STM32F10x_StdPeriph_Driver\src\stm32f10x_sdio.o
SDIO_CmdStructInit                                Libraries\STM32F10x_StdPeriph_Driver\src\stm32f10x_sdio.o
SDIO_CommandCompletionCmd                         Libraries\STM32F10x_StdPeriph_Driver\src\stm32f10x_sdio.o
SDIO_DMACmd                                       Libraries\STM32F10x_StdPeriph_Driver\src\stm32f10x_sdio.o
SDIO_DataConfig                                   Libraries\STM32F10x_StdPeriph_Driver\src\stm32f10x_sdio.o
SDIO_DataStructInit                               Libraries\STM32F10x_StdPeriph_Driver\src\stm32f10x_sdio.o
SDIO_DeInit                                       Libraries\STM32F10x_StdPeriph_Driver\src\stm32f10x_sdio.o
SDIO_GetCommandResponse                           Libraries\STM32F10x_StdPeriph_Driver\src\stm32f10x_sdio.o
SDIO_GetDataCounter                               Libraries\STM32F10x_StdPeriph_Driver\src\stm32f10x_sdio.o
SDIO_GetFIFOCount                                 Libraries\STM32F10x_StdPeriph_Driver\src\stm32f10x_sdio.o
SDIO_GetFlagStatus                                Libraries\STM32F10x_StdPeriph_Driver\src\stm32f10x_sdio.o
SDIO_GetITStatus                                  Libraries\STM32F10x_StdPeriph_Driver\src\stm32f10x_sdio.o
SDIO_GetPowerState                                Libraries\STM32F10x_StdPeriph_Driver\src\stm32f10x_sdio.o
SDIO_GetResponse                                  Libraries\STM32F10x_StdPeriph_Driver\src\stm32f10x_sdio.o
SDIO_ITConfig                                     Libraries\STM32F10x_StdPeriph_Driver\src\stm32f10x_sdio.o
SDIO_Init                                         Libraries\STM32F10x_StdPeriph_Driver\src\stm32f10x_sdio.o
SDIO_ReadData                                     Libraries\STM32F10x_StdPeriph_Driver\src\stm32f10x_sdio.o
SDIO_SendCEATACmd                                 Libraries\STM32F10x_StdPeriph_Driver\src\stm32f10x_sdio.o
SDIO_SendCommand                                  Libraries\STM32F10x_StdPeriph_Driver\src\stm32f10x_sdio.o
SDIO_SendSDIOSuspendCmd                           Libraries\STM32F10x_StdPeriph_Driver\src\stm32f10x_sdio.o
SDIO_SetPowerState                                Libraries\STM32F10x_StdPeriph_Driver\src\stm32f10x_sdio.o
SDIO_SetSDIOOperation                             Libraries\STM32F10x_StdPeriph_Driver\src\stm32f10x_sdio.o
SDIO_SetSDIOReadWaitMode                          Libraries\STM32F10x_StdPeriph_Driver\src\stm32f10x_sdio.o
SDIO_StartSDIOReadWait                            Libraries\STM32F10x_StdPeriph_Driver\src\stm32f10x_sdio.o
SDIO_StopSDIOReadWait                             Libraries\STM32F10x_StdPeriph_Driver\src\stm32f10x_sdio.o
SDIO_StructInit                                   Libraries\STM32F10x_StdPeriph_Driver\src\stm32f10x_sdio.o
SDIO_WriteData                                    Libraries\STM32F10x_StdPeriph_Driver\src\stm32f10x_sdio.o
SEVEN_SEGMENT_Module_Clear                        STM32F103C8T6\MODULES\HARDWARE_MODULES\LED_MODULE\SEVEN_SEGMENT_MODULE\SEVEN_SEGMENT_Module.o
SEVEN_SEGMENT_Module_Init_Cfg                     STM32F103C8T6\MODULES\HARDWARE_MODULES\LED_MODULE\SEVEN_SEGMENT_MODULE\SEVEN_SEGMENT_Module_Cfg.o
SEVEN_SEGMENT_Module_Set_Dimming                  STM32F103C8T6\MODULES\HARDWARE_MODULES\LED_MODULE\SEVEN_SEGMENT_MODULE\SEVEN_SEGMENT_Module.o
SEVEN_SEGMENT_Module_Update_Display               STM32F103C8T6\MODULES\HARDWARE_MODULES\LED_MODULE\SEVEN_SEGMENT_MODULE\SEVEN_SEGMENT_Module.o
SEVEN_SEGMENT_SR_SETUP                            STM32F103C8T6\MODULES\HARDWARE_MODULES\LED_MODULE\SEVEN_SEGMENT_MODULE\SEVEN_SEGMENT_Module_Cfg.o
                                                  STM32F103C8T6\MODULES\HARDWARE_MODULES\LED_MODULE\SEVEN_SEGMENT_MODULE\SEVEN_SEGMENT_Module.o
SHIFT_REGISTER_Module_Clear                       STM32F103C8T6\MODULES\HARDWARE_MODULES\SHIFT_REGISTER_MODULE\SHIFT_REGISTER_Module.o
                                                  STM32F103C8T6\MODULES\HARDWARE_MODULES\LED_MODULE\SEVEN_SEGMENT_MODULE\SEVEN_SEGMENT_Module.o
SHIFT_REGISTER_Module_Init_Cfg                    STM32F103C8T6\MODULES\HARDWARE_MODULES\SHIFT_REGISTER_MODULE\SHIFT_REGISTER_Module_Cfg.o
                                                  STM32F103C8T6\MODULES\HARDWARE_MODULES\LED_MODULE\SEVEN_SEGMENT_MODULE\SEVEN_SEGMENT_Module_Cfg.o
SHIFT_REGISTER_Module_Update                      STM32F103C8T6\MODULES\HARDWARE_MODULES\SHIFT_REGISTER_MODULE\SHIFT_REGISTER_Module.o
                                                  STM32F103C8T6\MODULES\HARDWARE_MODULES\LED_MODULE\SEVEN_SEGMENT_MODULE\SEVEN_SEGMENT_Module.o
SHIFT_REGISTER_SETUP                              STM32F103C8T6\MODULES\HARDWARE_MODULES\SHIFT_REGISTER_MODULE\SHIFT_REGISTER_Module_Cfg.o
                                                  STM32F103C8T6\MODULES\HARDWARE_MODULES\SHIFT_REGISTER_MODULE\SHIFT_REGISTER_Module.o
SPI1_IRQHandler                                   src\startup_stm32f10x_md.o
SPI2_IRQHandler                                   src\startup_stm32f10x_md.o
SPI_BiDirectionalLineConfig                       Libraries\STM32F10x_StdPeriph_Driver\src\stm32f10x_spi.o
SPI_CONF_SETUP                                    STM32F103C8T6\DRIVERS\SPI_DRIVER\SPI_Driver_Cfg.o
SPI_CalculateCRC                                  Libraries\STM32F10x_StdPeriph_Driver\src\stm32f10x_spi.o
SPI_Cmd                                           Libraries\STM32F10x_StdPeriph_Driver\src\stm32f10x_spi.o
SPI_DataSizeConfig                                Libraries\STM32F10x_StdPeriph_Driver\src\stm32f10x_spi.o
SPI_Driver_Get_Status                             STM32F103C8T6\DRIVERS\SPI_DRIVER\SPI_Driver.o
SPI_Driver_Init                                   STM32F103C8T6\DRIVERS\SPI_DRIVER\SPI_Driver.o
SPI_Driver_Send_Data                              STM32F103C8T6\DRIVERS\SPI_DRIVER\SPI_Driver.o
SPI_Driver_Set_Slave_Select_High                  STM32F103C8T6\DRIVERS\SPI_DRIVER\SPI_Driver.o
SPI_Driver_Set_Slave_Select_Low                   STM32F103C8T6\DRIVERS\SPI_DRIVER\SPI_Driver.o
SPI_Driver_Start                                  STM32F103C8T6\DRIVERS\SPI_DRIVER\SPI_Driver.o
SPI_Driver_Stop                                   STM32F103C8T6\DRIVERS\SPI_DRIVER\SPI_Driver.o
SPI_Driver_Transcieve_Data                        STM32F103C8T6\DRIVERS\SPI_DRIVER\SPI_Driver.o
                                                  STM32F103C8T6\MODULES\HARDWARE_MODULES\SHIFT_REGISTER_MODULE\SHIFT_REGISTER_Module.o
SPI_GetCRC                                        Libraries\STM32F10x_StdPeriph_Driver\src\stm32f10x_spi.o
SPI_GetCRCPolynomial                              Libraries\STM32F10x_StdPeriph_Driver\src\stm32f10x_spi.o
SPI_I2S_ClearFlag                                 Libraries\STM32F10x_StdPeriph_Driver\src\stm32f10x_spi.o
SPI_I2S_ClearITPendingBit                         Libraries\STM32F10x_StdPeriph_Driver\src\stm32f10x_spi.o
SPI_I2S_DMACmd                                    Libraries\STM32F10x_StdPeriph_Driver\src\stm32f10x_spi.o
SPI_I2S_DeInit                                    Libraries\STM32F10x_StdPeriph_Driver\src\stm32f10x_spi.o
SPI_I2S_GetFlagStatus                             Libraries\STM32F10x_StdPeriph_Driver\src\stm32f10x_spi.o
SPI_I2S_GetITStatus                               Libraries\STM32F10x_StdPeriph_Driver\src\stm32f10x_spi.o
SPI_I2S_ITConfig                                  Libraries\STM32F10x_StdPeriph_Driver\src\stm32f10x_spi.o
SPI_I2S_ReceiveData                               Libraries\STM32F10x_StdPeriph_Driver\src\stm32f10x_spi.o
SPI_I2S_SendData                                  Libraries\STM32F10x_StdPeriph_Driver\src\stm32f10x_spi.o
SPI_Init                                          Libraries\STM32F10x_StdPeriph_Driver\src\stm32f10x_spi.o
SPI_NSSInternalSoftwareConfig                     Libraries\STM32F10x_StdPeriph_Driver\src\stm32f10x_spi.o
SPI_SETUP                                         STM32F103C8T6\DRIVERS\SPI_DRIVER\SPI_Driver_Cfg.o
                                                  STM32F103C8T6\DRIVERS\SPI_DRIVER\SPI_Driver.o
SPI_SSOutputCmd                                   Libraries\STM32F10x_StdPeriph_Driver\src\stm32f10x_spi.o
SPI_StructInit                                    Libraries\STM32F10x_StdPeriph_Driver\src\stm32f10x_spi.o
SPI_TransmitCRC                                   Libraries\STM32F10x_StdPeriph_Driver\src\stm32f10x_spi.o
SVC_Handler                                       src\startup_stm32f10x_md.o
SYSTEM_Driver_Set_System_Clock                    STM32F103C8T6\DRIVERS\SYSTEM_DRIVER\SYSTEM_Driver.o
SYSTEM_Driver_Software_Reset                      STM32F103C8T6\DRIVERS\SYSTEM_DRIVER\SYSTEM_Driver.o
SYSTICK_Driver_Delay_ms                           STM32F103C8T6\DRIVERS\SYSTICK_DRIVER\SYSTICK_Driver.o
                                                  src\main.o
                                                  STM32F103C8T6\MODULES\HARDWARE_MODULES\DISPLAY_MODULE\NOKIA_5110_DISPLAY_MODULE\NOKIA_5110_LCD_Driver.o
                                                  STM32F103C8T6\DRIVERS\LIN_DRIVER\Lin_Driver.o
SYSTICK_Driver_GetClockValue                      STM32F103C8T6\DRIVERS\SYSTICK_DRIVER\SYSTICK_Driver.o
SYSTICK_Driver_GetCountFlag                       STM32F103C8T6\DRIVERS\SYSTICK_DRIVER\SYSTICK_Driver.o
SYSTICK_Driver_Init                               STM32F103C8T6\DRIVERS\SYSTICK_DRIVER\SYSTICK_Driver.o
                                                  src\main.o
SYSTICK_Driver_Start                              STM32F103C8T6\DRIVERS\SYSTICK_DRIVER\SYSTICK_Driver.o
                                                  src\main.o
SYSTICK_Driver_Stop                               STM32F103C8T6\DRIVERS\SYSTICK_DRIVER\SYSTICK_Driver.o
SysTick_CLKSourceConfig                           Libraries\STM32F10x_StdPeriph_Driver\src\misc.o
SysTick_Handler                                   STM32F103C8T6\DRIVERS\SYSTICK_DRIVER\SYSTICK_Driver.o
SystemCoreClock                                   src\system_stm32f10x.o
SystemCoreClockUpdate                             src\system_stm32f10x.o
SystemInit                                        src\system_stm32f10x.o
                                                  src\startup_stm32f10x_md.o
TAMPER_IRQHandler                                 src\startup_stm32f10x_md.o
TCNT_CONF_SETUP                                   STM32F103C8T6\DRIVERS\TIM_DRIVER\TCNT_Driver_Cfg.o
TCNT_Driver_ClearStatus                           STM32F103C8T6\DRIVERS\TIM_DRIVER\TCNT_Driver.o
TCNT_Driver_GetStatus                             STM32F103C8T6\DRIVERS\TIM_DRIVER\TCNT_Driver.o
TCNT_Driver_Init                                  STM32F103C8T6\DRIVERS\TIM_DRIVER\TCNT_Driver.o
TCNT_Driver_SetPeriod                             STM32F103C8T6\DRIVERS\TIM_DRIVER\TCNT_Driver.o
TCNT_Driver_SetPrescale                           STM32F103C8T6\DRIVERS\TIM_DRIVER\TCNT_Driver.o
TCNT_Driver_Start                                 STM32F103C8T6\DRIVERS\TIM_DRIVER\TCNT_Driver.o
TCNT_SETUP                                        STM32F103C8T6\DRIVERS\TIM_DRIVER\TCNT_Driver_Cfg.o
                                                  STM32F103C8T6\DRIVERS\TIM_DRIVER\TCNT_Driver.o
TIM1_BRK_IRQHandler                               src\startup_stm32f10x_md.o
TIM1_CC_IRQHandler                                src\startup_stm32f10x_md.o
TIM1_TRG_COM_IRQHandler                           src\startup_stm32f10x_md.o
TIM1_UP_IRQHandler                                src\startup_stm32f10x_md.o
TIM2_IRQHandler                                   src\startup_stm32f10x_md.o
TIM3_IRQHandler                                   src\startup_stm32f10x_md.o
TIM4_IRQHandler                                   src\startup_stm32f10x_md.o
TIM_ARRPreloadConfig                              Libraries\STM32F10x_StdPeriph_Driver\src\stm32f10x_tim.o
TIM_BDTRConfig                                    Libraries\STM32F10x_StdPeriph_Driver\src\stm32f10x_tim.o