CAN_Driver.c:45:6:CAN_Driver_DebugFreeze	4	static
CAN_Driver.c:54:6:CAN_Driver_Enter_NormalMode	4	static
CAN_Driver.c:65:6:CAN_Driver_Enter_SleepMode	4	static
CAN_Driver.c:80:6:CAN_Driver_Init	8	static
CAN_Driver.c:171:6:CAN_Driver_InitBuffer	24	static
CAN_Driver.c:181:6:CAN_Driver_SetBuffer	32	static
CAN_Driver.c:192:6:CAN_Driver_Enter_InitMode	4	static
CAN_Driver.c:207:6:CAN_Driver_ModeChange	16	static
CAN_Driver.c:212:6:CAN_Driver_ReceiveMessage	16	static
CAN_Driver.c:264:6:CAN_Driver_Reset	4	static
CAN_Driver.c:270:6:CAN_Driver_SendMessage	16	static
CAN_Driver.c:321:6:CAN_Driver_SetFilter	24	static
CAN_Driver.c:373:6:CAN_Driver_SetTestMode	4	static
CAN_Driver.c:391:6:CAN_Driver_Start	8	static
CAN_Driver.c:396:6:CAN_Driver_Release_Rx_MailBox	16	static
CAN_Driver.c:410:6:CAN_Driver_Clear_Request_Completed_Flag	16	static
CAN_Driver.c:430:7:CAN_Driver_Check_Message_Pending	24	static
CAN_Driver.c:464:6:CAN_Driver_Wait_for_Ready	4	static
CAN_Driver.c:484:6:CAN_Driver_Wake_Up	4	static
