CAN_Driver.c:45:6:CAN_Driver_DebugFreeze	16	static
CAN_Driver.c:62:6:CAN_Driver_Enter_NormalMode	4	static
CAN_Driver.c:73:6:CAN_Driver_Enter_SleepMode	4	static
CAN_Driver.c:88:6:CAN_Driver_Init	8	static
CAN_Driver.c:179:6:CAN_Driver_InitBuffer	24	static
CAN_Driver.c:189:6:CAN_Driver_SetBuffer	32	static
CAN_Driver.c:200:6:CAN_Driver_Enter_InitMode	4	static
CAN_Driver.c:215:6:CAN_Driver_ModeChange	16	static
CAN_Driver.c:220:6:CAN_Driver_ReceiveMessage	16	static
CAN_Driver.c:272:6:CAN_Driver_Reset	4	static
CAN_Driver.c:278:6:CAN_Driver_SendMessage	16	static
CAN_Driver.c:329:6:CAN_Driver_SetFilter	24	static
CAN_Driver.c:381:6:CAN_Driver_SetTestMode	4	static
CAN_Driver.c:399:6:CAN_Driver_Start	8	static
CAN_Driver.c:404:6:CAN_Driver_Release_Rx_MailBox	16	static
CAN_Driver.c:418:6:CAN_Driver_Clear_Request_Completed_Flag	16	static
CAN_Driver.c:438:7:CAN_Driver_Check_Message_Pending	24	static
CAN_Driver.c:472:6:CAN_Driver_Wait_for_Ready	4	static
CAN_Driver.c:492:6:CAN_Driver_Wake_Up	4	static
