NOKIA_5110_LCD_Driver.c:108:6:NOKIA_5110_Driver_Init	8	static
NOKIA_5110_LCD_Driver.c:132:6:NOKIA_5110_Driver_ClearScreen	16	static
NOKIA_5110_LCD_Driver.c:144:6:NOKIA_5110_Driver_SendCommand	16	static
NOKIA_5110_LCD_Driver.c:150:6:NOKIA_5110_Driver_SendByte	16	static
NOKIA_5110_LCD_Driver.c:156:6:NOKIA_5110_Driver_SendNum_1	24	static
NOKIA_5110_LCD_Driver.c:165:6:NOKIA_5110_Driver_SendNum_n	16	static
NOKIA_5110_LCD_Driver.c:219:6:NOKIA_5110_Driver_SendChar	24	static
NOKIA_5110_LCD_Driver.c:228:6:NOKIA_5110_Driver_SendStr	24	static
NOKIA_5110_LCD_Driver.c:238:6:NOKIA_5110_Driver_SetXYcoordinates	16	static
NOKIA_5110_LCD_Driver.c:248:6:NOKIA_5110_Driver_Reset	8	static
NOKIA_5110_LCD_Driver.c:255:6:NOKIA_5110_Driver_On	4	static
NOKIA_5110_LCD_Driver.c:256:6:NOKIA_5110_Driver_Off	4	static
